hlsl.domain.1.tese
Shader version: 500
input primitive = triangles
vertex spacing = none
triangle order = none
0:? Sequence
0:22  Function Definition: @main(struct-ds_in_t-vf4-vf31[3];vf3;struct-pcf_in_t-f1[3]-f11; ( temp structure{ temp 4-component vector of float pos,  temp 3-component vector of float norm})
0:22    Function Parameters: 
0:22      'i' ( const (read only) 3-element array of structure{ temp 4-component vector of float pos,  temp 3-component vector of float norm})
0:22      'tesscoord' ( in 3-component vector of float)
0:22      'pcf_data' ( in structure{ temp 3-element array of float flTessFactor,  temp float flInsideTessFactor})
0:?     Sequence
0:25      move second child to first child ( temp 4-component vector of float)
0:25        pos: direct index for structure ( temp 4-component vector of float)
0:25          'o' ( temp structure{ temp 4-component vector of float pos,  temp 3-component vector of float norm})
0:25          Constant:
0:25            0 (const int)
0:25        add ( temp 4-component vector of float)
0:25          pos: direct index for structure ( temp 4-component vector of float)
0:25            direct index ( temp structure{ temp 4-component vector of float pos,  temp 3-component vector of float norm})
0:25              'i' ( const (read only) 3-element array of structure{ temp 4-component vector of float pos,  temp 3-component vector of float norm})
0:25              Constant:
0:25                0 (const int)
0:25            Constant:
0:25              0 (const int)
0:25          direct index ( temp float)
0:25            'tesscoord' ( in 3-component vector of float)
0:25            Constant:
0:25              0 (const int)
0:26      move second child to first child ( temp 3-component vector of float)
0:26        norm: direct index for structure ( temp 3-component vector of float)
0:26          'o' ( temp structure{ temp 4-component vector of float pos,  temp 3-component vector of float norm})
0:26          Constant:
0:26            1 (const int)
0:26        add ( temp 3-component vector of float)
0:26          norm: direct index for structure ( temp 3-component vector of float)
0:26            direct index ( temp structure{ temp 4-component vector of float pos,  temp 3-component vector of float norm})
0:26              'i' ( const (read only) 3-element array of structure{ temp 4-component vector of float pos,  temp 3-component vector of float norm})
0:26              Constant:
0:26                0 (const int)
0:26            Constant:
0:26              1 (const int)
0:26          direct index ( temp float)
0:26            'tesscoord' ( in 3-component vector of float)
0:26            Constant:
0:26              1 (const int)
0:28      direct index ( temp float)
0:28        'tesscoord' ( in 3-component vector of float)
0:28        Constant:
0:28          2 (const int)
0:30      Branch: Return with expression
0:30        'o' ( temp structure{ temp 4-component vector of float pos,  temp 3-component vector of float norm})
0:22  Function Definition: main( ( temp void)
0:22    Function Parameters: 
0:?     Sequence
0:22      Sequence
0:22        move second child to first child ( temp 4-component vector of float)
0:22          pos: direct index for structure ( temp 4-component vector of float)
0:22            direct index ( temp structure{ temp 4-component vector of float pos,  temp 3-component vector of float norm})
0:?               'i' ( temp 3-element array of structure{ temp 4-component vector of float pos,  temp 3-component vector of float norm})
0:22              Constant:
0:22                0 (const int)
0:22            Constant:
0:22              0 (const int)
0:?           'i[0].pos' (layout( location=0) in 4-component vector of float)
0:22        move second child to first child ( temp 3-component vector of float)
0:22          norm: direct index for structure ( temp 3-component vector of float)
0:22            direct index ( temp structure{ temp 4-component vector of float pos,  temp 3-component vector of float norm})
0:?               'i' ( temp 3-element array of structure{ temp 4-component vector of float pos,  temp 3-component vector of float norm})
0:22              Constant:
0:22                0 (const int)
0:22            Constant:
0:22              1 (const int)
0:?           'i[0].norm' (layout( location=1) in 3-component vector of float)
0:22        move second child to first child ( temp 4-component vector of float)
0:22          pos: direct index for structure ( temp 4-component vector of float)
0:22            direct index ( temp structure{ temp 4-component vector of float pos,  temp 3-component vector of float norm})
0:?               'i' ( temp 3-element array of structure{ temp 4-component vector of float pos,  temp 3-component vector of float norm})
0:22              Constant:
0:22                1 (const int)
0:22            Constant:
0:22              0 (const int)
0:?           'i[1].pos' (layout( location=2) in 4-component vector of float)
0:22        move second child to first child ( temp 3-component vector of float)
0:22          norm: direct index for structure ( temp 3-component vector of float)
0:22            direct index ( temp structure{ temp 4-component vector of float pos,  temp 3-component vector of float norm})
0:?               'i' ( temp 3-element array of structure{ temp 4-component vector of float pos,  temp 3-component vector of float norm})
0:22              Constant:
0:22                1 (const int)
0:22            Constant:
0:22              1 (const int)
0:?           'i[1].norm' (layout( location=3) in 3-component vector of float)
0:22        move second child to first child ( temp 4-component vector of float)
0:22          pos: direct index for structure ( temp 4-component vector of float)
0:22            direct index ( temp structure{ temp 4-component vector of float pos,  temp 3-component vector of float norm})
0:?               'i' ( temp 3-element array of structure{ temp 4-component vector of float pos,  temp 3-component vector of float norm})
0:22              Constant:
0:22                2 (const int)
0:22            Constant:
0:22              0 (const int)
0:?           'i[2].pos' (layout( location=4) in 4-component vector of float)
0:22        move second child to first child ( temp 3-component vector of float)
0:22          norm: direct index for structure ( temp 3-component vector of float)
0:22            direct index ( temp structure{ temp 4-component vector of float pos,  temp 3-component vector of float norm})
0:?               'i' ( temp 3-element array of structure{ temp 4-component vector of float pos,  temp 3-component vector of float norm})
0:22              Constant:
0:22                2 (const int)
0:22            Constant:
0:22              1 (const int)
0:?           'i[2].norm' (layout( location=5) in 3-component vector of float)
0:22      move second child to first child ( temp 3-component vector of float)
0:?         'tesscoord' ( temp 3-component vector of float)
0:?         'tesscoord' ( patch in 3-component vector of float TessCoord)
0:22      Sequence
0:22        move second child to first child ( temp float)
0:22          direct index ( temp float)
0:22            flTessFactor: direct index for structure ( temp 3-element array of float)
0:?               'pcf_data' ( temp structure{ temp 3-element array of float flTessFactor,  temp float flInsideTessFactor})
0:22              Constant:
0:22                0 (const int)
0:22            Constant:
0:22              0 (const int)
0:?           'flTessFactor[0]' ( patch in float TessLevelOuter)
0:22        move second child to first child ( temp float)
0:22          direct index ( temp float)
0:22            flTessFactor: direct index for structure ( temp 3-element array of float)
0:?               'pcf_data' ( temp structure{ temp 3-element array of float flTessFactor,  temp float flInsideTessFactor})
0:22              Constant:
0:22                0 (const int)
0:22            Constant:
0:22              1 (const int)
0:?           'flTessFactor[1]' ( patch in float TessLevelOuter)
0:22        move second child to first child ( temp float)
0:22          direct index ( temp float)
0:22            flTessFactor: direct index for structure ( temp 3-element array of float)
0:?               'pcf_data' ( temp structure{ temp 3-element array of float flTessFactor,  temp float flInsideTessFactor})
0:22              Constant:
0:22                0 (const int)
0:22            Constant:
0:22              2 (const int)
0:?           'flTessFactor[2]' ( patch in float TessLevelOuter)
0:22        move second child to first child ( temp float)
0:22          flInsideTessFactor: direct index for structure ( temp float)
0:?             'pcf_data' ( temp structure{ temp 3-element array of float flTessFactor,  temp float flInsideTessFactor})
0:22            Constant:
0:22              1 (const int)
0:?           'flInsideTessFactor' ( patch in float TessLevelInner)
0:22      Sequence
0:22        move second child to first child ( temp structure{ temp 4-component vector of float pos,  temp 3-component vector of float norm})
0:22          'flattenTemp' ( temp structure{ temp 4-component vector of float pos,  temp 3-component vector of float norm})
0:22          Function Call: @main(struct-ds_in_t-vf4-vf31[3];vf3;struct-pcf_in_t-f1[3]-f11; ( temp structure{ temp 4-component vector of float pos,  temp 3-component vector of float norm})
0:?             'i' ( temp 3-element array of structure{ temp 4-component vector of float pos,  temp 3-component vector of float norm})
0:?             'tesscoord' ( temp 3-component vector of float)
0:?             'pcf_data' ( temp structure{ temp 3-element array of float flTessFactor,  temp float flInsideTessFactor})
0:22        move second child to first child ( temp 4-component vector of float)
0:?           'pos' (layout( location=0) out 4-component vector of float)
0:22          pos: direct index for structure ( temp 4-component vector of float)
0:22            'flattenTemp' ( temp structure{ temp 4-component vector of float pos,  temp 3-component vector of float norm})
0:22            Constant:
0:22              0 (const int)
0:22        move second child to first child ( temp 3-component vector of float)
0:?           'norm' (layout( location=1) out 3-component vector of float)
0:22          norm: direct index for structure ( temp 3-component vector of float)
0:22            'flattenTemp' ( temp structure{ temp 4-component vector of float pos,  temp 3-component vector of float norm})
0:22            Constant:
0:22              1 (const int)
0:?   Linker Objects
0:?     'pos' (layout( location=0) out 4-component vector of float)
0:?     'norm' (layout( location=1) out 3-component vector of float)
0:?     'i[0].pos' (layout( location=0) in 4-component vector of float)
0:?     'i[0].norm' (layout( location=1) in 3-component vector of float)
0:?     'i[1].pos' (layout( location=2) in 4-component vector of float)
0:?     'i[1].norm' (layout( location=3) in 3-component vector of float)
0:?     'i[2].pos' (layout( location=4) in 4-component vector of float)
0:?     'i[2].norm' (layout( location=5) in 3-component vector of float)
0:?     'tesscoord' ( patch in 3-component vector of float TessCoord)
0:?     'flTessFactor[0]' ( patch in float TessLevelOuter)
0:?     'flTessFactor[1]' ( patch in float TessLevelOuter)
0:?     'flTessFactor[2]' ( patch in float TessLevelOuter)
0:?     'flTessFactor[0]' ( patch in float TessLevelOuter)
0:?     'flTessFactor[1]' ( patch in float TessLevelOuter)
0:?     'flTessFactor[2]' ( patch in float TessLevelOuter)
0:?     'flInsideTessFactor' ( patch in float TessLevelInner)


Linked tessellation evaluation stage:


Shader version: 500
input primitive = triangles
vertex spacing = none
triangle order = none
0:? Sequence
0:22  Function Definition: @main(struct-ds_in_t-vf4-vf31[3];vf3;struct-pcf_in_t-f1[3]-f11; ( temp structure{ temp 4-component vector of float pos,  temp 3-component vector of float norm})
0:22    Function Parameters: 
0:22      'i' ( const (read only) 3-element array of structure{ temp 4-component vector of float pos,  temp 3-component vector of float norm})
0:22      'tesscoord' ( in 3-component vector of float)
0:22      'pcf_data' ( in structure{ temp 3-element array of float flTessFactor,  temp float flInsideTessFactor})
0:?     Sequence
0:25      move second child to first child ( temp 4-component vector of float)
0:25        pos: direct index for structure ( temp 4-component vector of float)
0:25          'o' ( temp structure{ temp 4-component vector of float pos,  temp 3-component vector of float norm})
0:25          Constant:
0:25            0 (const int)
0:25        add ( temp 4-component vector of float)
0:25          pos: direct index for structure ( temp 4-component vector of float)
0:25            direct index ( temp structure{ temp 4-component vector of float pos,  temp 3-component vector of float norm})
0:25              'i' ( const (read only) 3-element array of structure{ temp 4-component vector of float pos,  temp 3-component vector of float norm})
0:25              Constant:
0:25                0 (const int)
0:25            Constant:
0:25              0 (const int)
0:25          direct index ( temp float)
0:25            'tesscoord' ( in 3-component vector of float)
0:25            Constant:
0:25              0 (const int)
0:26      move second child to first child ( temp 3-component vector of float)
0:26        norm: direct index for structure ( temp 3-component vector of float)
0:26          'o' ( temp structure{ temp 4-component vector of float pos,  temp 3-component vector of float norm})
0:26          Constant:
0:26            1 (const int)
0:26        add ( temp 3-component vector of float)
0:26          norm: direct index for structure ( temp 3-component vector of float)
0:26            direct index ( temp structure{ temp 4-component vector of float pos,  temp 3-component vector of float norm})
0:26              'i' ( const (read only) 3-element array of structure{ temp 4-component vector of float pos,  temp 3-component vector of float norm})
0:26              Constant:
0:26                0 (const int)
0:26            Constant:
0:26              1 (const int)
0:26          direct index ( temp float)
0:26            'tesscoord' ( in 3-component vector of float)
0:26            Constant:
0:26              1 (const int)
0:28      direct index ( temp float)
0:28        'tesscoord' ( in 3-component vector of float)
0:28        Constant:
0:28          2 (const int)
0:30      Branch: Return with expression
0:30        'o' ( temp structure{ temp 4-component vector of float pos,  temp 3-component vector of float norm})
0:22  Function Definition: main( ( temp void)
0:22    Function Parameters: 
0:?     Sequence
0:22      Sequence
0:22        move second child to first child ( temp 4-component vector of float)
0:22          pos: direct index for structure ( temp 4-component vector of float)
0:22            direct index ( temp structure{ temp 4-component vector of float pos,  temp 3-component vector of float norm})
0:?               'i' ( temp 3-element array of structure{ temp 4-component vector of float pos,  temp 3-component vector of float norm})
0:22              Constant:
0:22                0 (const int)
0:22            Constant:
0:22              0 (const int)
0:?           'i[0].pos' (layout( location=0) in 4-component vector of float)
0:22        move second child to first child ( temp 3-component vector of float)
0:22          norm: direct index for structure ( temp 3-component vector of float)
0:22            direct index ( temp structure{ temp 4-component vector of float pos,  temp 3-component vector of float norm})
0:?               'i' ( temp 3-element array of structure{ temp 4-component vector of float pos,  temp 3-component vector of float norm})
0:22              Constant:
0:22                0 (const int)
0:22            Constant:
0:22              1 (const int)
0:?           'i[0].norm' (layout( location=1) in 3-component vector of float)
0:22        move second child to first child ( temp 4-component vector of float)
0:22          pos: direct index for structure ( temp 4-component vector of float)
0:22            direct index ( temp structure{ temp 4-component vector of float pos,  temp 3-component vector of float norm})
0:?               'i' ( temp 3-element array of structure{ temp 4-component vector of float pos,  temp 3-component vector of float norm})
0:22              Constant:
0:22                1 (const int)
0:22            Constant:
0:22              0 (const int)
0:?           'i[1].pos' (layout( location=2) in 4-component vector of float)
0:22        move second child to first child ( temp 3-component vector of float)
0:22          norm: direct index for structure ( temp 3-component vector of float)
0:22            direct index ( temp structure{ temp 4-component vector of float pos,  temp 3-component vector of float norm})
0:?               'i' ( temp 3-element array of structure{ temp 4-component vector of float pos,  temp 3-component vector of float norm})
0:22              Constant:
0:22                1 (const int)
0:22            Constant:
0:22              1 (const int)
0:?           'i[1].norm' (layout( location=3) in 3-component vector of float)
0:22        move second child to first child ( temp 4-component vector of float)
0:22          pos: direct index for structure ( temp 4-component vector of float)
0:22            direct index ( temp structure{ temp 4-component vector of float pos,  temp 3-component vector of float norm})
0:?               'i' ( temp 3-element array of structure{ temp 4-component vector of float pos,  temp 3-component vector of float norm})
0:22              Constant:
0:22                2 (const int)
0:22            Constant:
0:22              0 (const int)
0:?           'i[2].pos' (layout( location=4) in 4-component vector of float)
0:22        move second child to first child ( temp 3-component vector of float)
0:22          norm: direct index for structure ( temp 3-component vector of float)
0:22            direct index ( temp structure{ temp 4-component vector of float pos,  temp 3-component vector of float norm})
0:?               'i' ( temp 3-element array of structure{ temp 4-component vector of float pos,  temp 3-component vector of float norm})
0:22              Constant:
0:22                2 (const int)
0:22            Constant:
0:22              1 (const int)
0:?           'i[2].norm' (layout( location=5) in 3-component vector of float)
0:22      move second child to first child ( temp 3-component vector of float)
0:?         'tesscoord' ( temp 3-component vector of float)
0:?         'tesscoord' ( patch in 3-component vector of float TessCoord)
0:22      Sequence
0:22        move second child to first child ( temp float)
0:22          direct index ( temp float)
0:22            flTessFactor: direct index for structure ( temp 3-element array of float)
0:?               'pcf_data' ( temp structure{ temp 3-element array of float flTessFactor,  temp float flInsideTessFactor})
0:22              Constant:
0:22                0 (const int)
0:22            Constant:
0:22              0 (const int)
0:?           'flTessFactor[0]' ( patch in float TessLevelOuter)
0:22        move second child to first child ( temp float)
0:22          direct index ( temp float)
0:22            flTessFactor: direct index for structure ( temp 3-element array of float)
0:?               'pcf_data' ( temp structure{ temp 3-element array of float flTessFactor,  temp float flInsideTessFactor})
0:22              Constant:
0:22                0 (const int)
0:22            Constant:
0:22              1 (const int)
0:?           'flTessFactor[1]' ( patch in float TessLevelOuter)
0:22        move second child to first child ( temp float)
0:22          direct index ( temp float)
0:22            flTessFactor: direct index for structure ( temp 3-element array of float)
0:?               'pcf_data' ( temp structure{ temp 3-element array of float flTessFactor,  temp float flInsideTessFactor})
0:22              Constant:
0:22                0 (const int)
0:22            Constant:
0:22              2 (const int)
0:?           'flTessFactor[2]' ( patch in float TessLevelOuter)
0:22        move second child to first child ( temp float)
0:22          flInsideTessFactor: direct index for structure ( temp float)
0:?             'pcf_data' ( temp structure{ temp 3-element array of float flTessFactor,  temp float flInsideTessFactor})
0:22            Constant:
0:22              1 (const int)
0:?           'flInsideTessFactor' ( patch in float TessLevelInner)
0:22      Sequence
0:22        move second child to first child ( temp structure{ temp 4-component vector of float pos,  temp 3-component vector of float norm})
0:22          'flattenTemp' ( temp structure{ temp 4-component vector of float pos,  temp 3-component vector of float norm})
0:22          Function Call: @main(struct-ds_in_t-vf4-vf31[3];vf3;struct-pcf_in_t-f1[3]-f11; ( temp structure{ temp 4-component vector of float pos,  temp 3-component vector of float norm})
0:?             'i' ( temp 3-element array of structure{ temp 4-component vector of float pos,  temp 3-component vector of float norm})
0:?             'tesscoord' ( temp 3-component vector of float)
0:?             'pcf_data' ( temp structure{ temp 3-element array of float flTessFactor,  temp float flInsideTessFactor})
0:22        move second child to first child ( temp 4-component vector of float)
0:?           'pos' (layout( location=0) out 4-component vector of float)
0:22          pos: direct index for structure ( temp 4-component vector of float)
0:22            'flattenTemp' ( temp structure{ temp 4-component vector of float pos,  temp 3-component vector of float norm})
0:22            Constant:
0:22              0 (const int)
0:22        move second child to first child ( temp 3-component vector of float)
0:?           'norm' (layout( location=1) out 3-component vector of float)
0:22          norm: direct index for structure ( temp 3-component vector of float)
0:22            'flattenTemp' ( temp structure{ temp 4-component vector of float pos,  temp 3-component vector of float norm})
0:22            Constant:
0:22              1 (const int)
0:?   Linker Objects
0:?     'pos' (layout( location=0) out 4-component vector of float)
0:?     'norm' (layout( location=1) out 3-component vector of float)
0:?     'i[0].pos' (layout( location=0) in 4-component vector of float)
0:?     'i[0].norm' (layout( location=1) in 3-component vector of float)
0:?     'i[1].pos' (layout( location=2) in 4-component vector of float)
0:?     'i[1].norm' (layout( location=3) in 3-component vector of float)
0:?     'i[2].pos' (layout( location=4) in 4-component vector of float)
0:?     'i[2].norm' (layout( location=5) in 3-component vector of float)
0:?     'tesscoord' ( patch in 3-component vector of float TessCoord)
0:?     'flTessFactor[0]' ( patch in float TessLevelOuter)
0:?     'flTessFactor[1]' ( patch in float TessLevelOuter)
0:?     'flTessFactor[2]' ( patch in float TessLevelOuter)
0:?     'flTessFactor[0]' ( patch in float TessLevelOuter)
0:?     'flTessFactor[1]' ( patch in float TessLevelOuter)
0:?     'flTessFactor[2]' ( patch in float TessLevelOuter)
0:?     'flInsideTessFactor' ( patch in float TessLevelInner)

// Module Version 10000
// Generated by (magic number): 80001
// Id's are bound by 103

                              Capability Tessellation
               1:             ExtInstImport  "GLSL.std.450"
                              MemoryModel Logical GLSL450
                              EntryPoint TessellationEvaluation 4  "main" 51 55 58 61 65 68 72 76 79 82 85 96 100
                              ExecutionMode 4 Triangles
                              Source HLSL 500
                              Name 4  "main"
                              Name 9  "ds_in_t"
                              MemberName 9(ds_in_t) 0  "pos"
                              MemberName 9(ds_in_t) 1  "norm"
                              Name 15  "pcf_in_t"
                              MemberName 15(pcf_in_t) 0  "flTessFactor"
                              MemberName 15(pcf_in_t) 1  "flInsideTessFactor"
                              Name 17  "gs_in_t"
                              MemberName 17(gs_in_t) 0  "pos"
                              MemberName 17(gs_in_t) 1  "norm"
                              Name 22  "@main(struct-ds_in_t-vf4-vf31[3];vf3;struct-pcf_in_t-f1[3]-f11;"
                              Name 19  "i"
                              Name 20  "tesscoord"
                              Name 21  "pcf_data"
                              Name 25  "o"
                              Name 49  "i"
                              Name 51  "i[0].pos"
                              Name 55  "i[0].norm"
                              Name 58  "i[1].pos"
                              Name 61  "i[1].norm"
                              Name 65  "i[2].pos"
                              Name 68  "i[2].norm"
                              Name 71  "tesscoord"
                              Name 72  "tesscoord"
                              Name 74  "pcf_data"
                              Name 76  "flTessFactor[0]"
                              Name 79  "flTessFactor[1]"
                              Name 82  "flTessFactor[2]"
                              Name 85  "flInsideTessFactor"
                              Name 88  "flattenTemp"
                              Name 90  "param"
                              Name 92  "param"
                              Name 96  "pos"
                              Name 100  "norm"
                              Decorate 51(i[0].pos) Location 0
                              Decorate 55(i[0].norm) Location 1
                              Decorate 58(i[1].pos) Location 2
                              Decorate 61(i[1].norm) Location 3
                              Decorate 65(i[2].pos) Location 4
                              Decorate 68(i[2].norm) Location 5
                              Decorate 72(tesscoord) Patch
                              Decorate 72(tesscoord) BuiltIn TessCoord
                              Decorate 76(flTessFactor[0]) Patch
                              Decorate 76(flTessFactor[0]) BuiltIn TessLevelOuter
                              Decorate 79(flTessFactor[1]) Patch
                              Decorate 79(flTessFactor[1]) BuiltIn TessLevelOuter
                              Decorate 82(flTessFactor[2]) Patch
                              Decorate 82(flTessFactor[2]) BuiltIn TessLevelOuter
                              Decorate 85(flInsideTessFactor) Patch
                              Decorate 85(flInsideTessFactor) BuiltIn TessLevelInner
                              Decorate 96(pos) Location 0
                              Decorate 100(norm) Location 1
               2:             TypeVoid
               3:             TypeFunction 2
               6:             TypeFloat 32
               7:             TypeVector 6(float) 4
               8:             TypeVector 6(float) 3
      9(ds_in_t):             TypeStruct 7(fvec4) 8(fvec3)
              10:             TypeInt 32 0
              11:     10(int) Constant 3
              12:             TypeArray 9(ds_in_t) 11
              13:             TypePointer Function 8(fvec3)
              14:             TypeArray 6(float) 11
    15(pcf_in_t):             TypeStruct 14 6(float)
              16:             TypePointer Function 15(pcf_in_t)
     17(gs_in_t):             TypeStruct 7(fvec4) 8(fvec3)
              18:             TypeFunction 17(gs_in_t) 12 13(ptr) 16(ptr)
              24:             TypePointer Function 17(gs_in_t)
              26:             TypeInt 32 1
              27:     26(int) Constant 0
              29:     10(int) Constant 0
              30:             TypePointer Function 6(float)
              35:             TypePointer Function 7(fvec4)
              37:     26(int) Constant 1
              39:     10(int) Constant 1
              48:             TypePointer Function 12
              50:             TypePointer Input 7(fvec4)
    51(i[0].pos):     50(ptr) Variable Input
              54:             TypePointer Input 8(fvec3)
   55(i[0].norm):     54(ptr) Variable Input
    58(i[1].pos):     50(ptr) Variable Input
   61(i[1].norm):     54(ptr) Variable Input
              64:     26(int) Constant 2
    65(i[2].pos):     50(ptr) Variable Input
   68(i[2].norm):     54(ptr) Variable Input
   72(tesscoord):     54(ptr) Variable Input
              75:             TypePointer Input 6(float)
76(flTessFactor[0]):     75(ptr) Variable Input
79(flTessFactor[1]):     75(ptr) Variable Input
82(flTessFactor[2]):     75(ptr) Variable Input
85(flInsideTessFactor):     75(ptr) Variable Input
              95:             TypePointer Output 7(fvec4)
         96(pos):     95(ptr) Variable Output
              99:             TypePointer Output 8(fvec3)
       100(norm):     99(ptr) Variable Output
         4(main):           2 Function None 3
               5:             Label
           49(i):     48(ptr) Variable Function
   71(tesscoord):     13(ptr) Variable Function
    74(pcf_data):     16(ptr) Variable Function
 88(flattenTemp):     24(ptr) Variable Function
       90(param):     13(ptr) Variable Function
       92(param):     16(ptr) Variable Function
              52:    7(fvec4) Load 51(i[0].pos)
              53:     35(ptr) AccessChain 49(i) 27 27
                              Store 53 52
              56:    8(fvec3) Load 55(i[0].norm)
              57:     13(ptr) AccessChain 49(i) 27 37
                              Store 57 56
              59:    7(fvec4) Load 58(i[1].pos)
              60:     35(ptr) AccessChain 49(i) 37 27
                              Store 60 59
              62:    8(fvec3) Load 61(i[1].norm)
              63:     13(ptr) AccessChain 49(i) 37 37
                              Store 63 62
              66:    7(fvec4) Load 65(i[2].pos)
              67:     35(ptr) AccessChain 49(i) 64 27
                              Store 67 66
              69:    8(fvec3) Load 68(i[2].norm)
              70:     13(ptr) AccessChain 49(i) 64 37
                              Store 70 69
              73:    8(fvec3) Load 72(tesscoord)
                              Store 71(tesscoord) 73
              77:    6(float) Load 76(flTessFactor[0])
              78:     30(ptr) AccessChain 74(pcf_data) 27 27
                              Store 78 77
              80:    6(float) Load 79(flTessFactor[1])
              81:     30(ptr) AccessChain 74(pcf_data) 27 37
                              Store 81 80
              83:    6(float) Load 82(flTessFactor[2])
              84:     30(ptr) AccessChain 74(pcf_data) 27 64
                              Store 84 83
              86:    6(float) Load 85(flInsideTessFactor)
              87:     30(ptr) AccessChain 74(pcf_data) 37
                              Store 87 86
              89:          12 Load 49(i)
              91:    8(fvec3) Load 71(tesscoord)
                              Store 90(param) 91
              93:15(pcf_in_t) Load 74(pcf_data)
                              Store 92(param) 93
              94: 17(gs_in_t) FunctionCall 22(@main(struct-ds_in_t-vf4-vf31[3];vf3;struct-pcf_in_t-f1[3]-f11;) 89 90(param) 92(param)
                              Store 88(flattenTemp) 94
              97:     35(ptr) AccessChain 88(flattenTemp) 27
              98:    7(fvec4) Load 97
                              Store 96(pos) 98
             101:     13(ptr) AccessChain 88(flattenTemp) 37
             102:    8(fvec3) Load 101
                              Store 100(norm) 102
                              Return
                              FunctionEnd
22(@main(struct-ds_in_t-vf4-vf31[3];vf3;struct-pcf_in_t-f1[3]-f11;): 17(gs_in_t) Function None 18
           19(i):          12 FunctionParameter
   20(tesscoord):     13(ptr) FunctionParameter
    21(pcf_data):     16(ptr) FunctionParameter
              23:             Label
           25(o):     24(ptr) Variable Function
              28:    7(fvec4) CompositeExtract 19(i) 0 0
              31:     30(ptr) AccessChain 20(tesscoord) 29
              32:    6(float) Load 31
              33:    7(fvec4) CompositeConstruct 32 32 32 32
              34:    7(fvec4) FAdd 28 33
              36:     35(ptr) AccessChain 25(o) 27
                              Store 36 34
              38:    8(fvec3) CompositeExtract 19(i) 0 1
              40:     30(ptr) AccessChain 20(tesscoord) 39
              41:    6(float) Load 40
              42:    8(fvec3) CompositeConstruct 41 41 41
              43:    8(fvec3) FAdd 38 42
              44:     13(ptr) AccessChain 25(o) 37
                              Store 44 43
              45: 17(gs_in_t) Load 25(o)
                              ReturnValue 45
                              FunctionEnd
