hlsl.domain.3.tese
Shader version: 500
input primitive = isolines
vertex spacing = none
triangle order = none
0:? Sequence
0:24  Function Definition: @main(struct-ds_in_t-vf4-vf31[2];vf2;struct-pcf_in_t-f1[3]-f11; ( temp structure{ temp 4-component vector of float pos,  temp 3-component vector of float norm})
0:24    Function Parameters: 
0:24      'i' ( const (read only) 2-element array of structure{ temp 4-component vector of float pos,  temp 3-component vector of float norm})
0:24      'tesscoord' ( in 2-component vector of float)
0:24      'pcf_data' ( in structure{ temp 3-element array of float flTessFactor,  temp float flInsideTessFactor})
0:?     Sequence
0:27      move second child to first child ( temp 4-component vector of float)
0:27        pos: direct index for structure ( temp 4-component vector of float)
0:27          'o' ( temp structure{ temp 4-component vector of float pos,  temp 3-component vector of float norm})
0:27          Constant:
0:27            0 (const int)
0:27        add ( temp 4-component vector of float)
0:27          pos: direct index for structure ( temp 4-component vector of float)
0:27            direct index ( temp structure{ temp 4-component vector of float pos,  temp 3-component vector of float norm})
0:27              'i' ( const (read only) 2-element array of structure{ temp 4-component vector of float pos,  temp 3-component vector of float norm})
0:27              Constant:
0:27                0 (const int)
0:27            Constant:
0:27              0 (const int)
0:27          direct index ( temp float)
0:27            'tesscoord' ( in 2-component vector of float)
0:27            Constant:
0:27              0 (const int)
0:28      move second child to first child ( temp 3-component vector of float)
0:28        norm: direct index for structure ( temp 3-component vector of float)
0:28          'o' ( temp structure{ temp 4-component vector of float pos,  temp 3-component vector of float norm})
0:28          Constant:
0:28            1 (const int)
0:28        add ( temp 3-component vector of float)
0:28          norm: direct index for structure ( temp 3-component vector of float)
0:28            direct index ( temp structure{ temp 4-component vector of float pos,  temp 3-component vector of float norm})
0:28              'i' ( const (read only) 2-element array of structure{ temp 4-component vector of float pos,  temp 3-component vector of float norm})
0:28              Constant:
0:28                0 (const int)
0:28            Constant:
0:28              1 (const int)
0:28          direct index ( temp float)
0:28            'tesscoord' ( in 2-component vector of float)
0:28            Constant:
0:28              1 (const int)
0:30      Branch: Return with expression
0:30        'o' ( temp structure{ temp 4-component vector of float pos,  temp 3-component vector of float norm})
0:24  Function Definition: main( ( temp void)
0:24    Function Parameters: 
0:?     Sequence
0:24      Sequence
0:24        move second child to first child ( temp 4-component vector of float)
0:24          pos: direct index for structure ( temp 4-component vector of float)
0:24            direct index ( temp structure{ temp 4-component vector of float pos,  temp 3-component vector of float norm})
0:?               'i' ( temp 2-element array of structure{ temp 4-component vector of float pos,  temp 3-component vector of float norm})
0:24              Constant:
0:24                0 (const int)
0:24            Constant:
0:24              0 (const int)
0:?           'i[0].pos' (layout( location=0) in 4-component vector of float)
0:24        move second child to first child ( temp 3-component vector of float)
0:24          norm: direct index for structure ( temp 3-component vector of float)
0:24            direct index ( temp structure{ temp 4-component vector of float pos,  temp 3-component vector of float norm})
0:?               'i' ( temp 2-element array of structure{ temp 4-component vector of float pos,  temp 3-component vector of float norm})
0:24              Constant:
0:24                0 (const int)
0:24            Constant:
0:24              1 (const int)
0:?           'i[0].norm' (layout( location=1) in 3-component vector of float)
0:24        move second child to first child ( temp 4-component vector of float)
0:24          pos: direct index for structure ( temp 4-component vector of float)
0:24            direct index ( temp structure{ temp 4-component vector of float pos,  temp 3-component vector of float norm})
0:?               'i' ( temp 2-element array of structure{ temp 4-component vector of float pos,  temp 3-component vector of float norm})
0:24              Constant:
0:24                1 (const int)
0:24            Constant:
0:24              0 (const int)
0:?           'i[1].pos' (layout( location=2) in 4-component vector of float)
0:24        move second child to first child ( temp 3-component vector of float)
0:24          norm: direct index for structure ( temp 3-component vector of float)
0:24            direct index ( temp structure{ temp 4-component vector of float pos,  temp 3-component vector of float norm})
0:?               'i' ( temp 2-element array of structure{ temp 4-component vector of float pos,  temp 3-component vector of float norm})
0:24              Constant:
0:24                1 (const int)
0:24            Constant:
0:24              1 (const int)
0:?           'i[1].norm' (layout( location=3) in 3-component vector of float)
0:24      move second child to first child ( temp 2-component vector of float)
0:?         'tesscoord' ( temp 2-component vector of float)
0:?         Construct vec2 ( temp 2-component vector of float)
0:?           'tesscoord' ( patch in 3-component vector of float TessCoord)
0:24      Sequence
0:24        move second child to first child ( temp float)
0:24          direct index ( temp float)
0:24            flTessFactor: direct index for structure ( temp 3-element array of float)
0:?               'pcf_data' ( temp structure{ temp 3-element array of float flTessFactor,  temp float flInsideTessFactor})
0:24              Constant:
0:24                0 (const int)
0:24            Constant:
0:24              0 (const int)
0:?           'flTessFactor[0]' ( patch in float TessLevelOuter)
0:24        move second child to first child ( temp float)
0:24          direct index ( temp float)
0:24            flTessFactor: direct index for structure ( temp 3-element array of float)
0:?               'pcf_data' ( temp structure{ temp 3-element array of float flTessFactor,  temp float flInsideTessFactor})
0:24              Constant:
0:24                0 (const int)
0:24            Constant:
0:24              1 (const int)
0:?           'flTessFactor[1]' ( patch in float TessLevelOuter)
0:24        move second child to first child ( temp float)
0:24          direct index ( temp float)
0:24            flTessFactor: direct index for structure ( temp 3-element array of float)
0:?               'pcf_data' ( temp structure{ temp 3-element array of float flTessFactor,  temp float flInsideTessFactor})
0:24              Constant:
0:24                0 (const int)
0:24            Constant:
0:24              2 (const int)
0:?           'flTessFactor[2]' ( patch in float TessLevelOuter)
0:24        move second child to first child ( temp float)
0:24          flInsideTessFactor: direct index for structure ( temp float)
0:?             'pcf_data' ( temp structure{ temp 3-element array of float flTessFactor,  temp float flInsideTessFactor})
0:24            Constant:
0:24              1 (const int)
0:?           'flInsideTessFactor' ( patch in float TessLevelInner)
0:24      Sequence
0:24        move second child to first child ( temp structure{ temp 4-component vector of float pos,  temp 3-component vector of float norm})
0:24          'flattenTemp' ( temp structure{ temp 4-component vector of float pos,  temp 3-component vector of float norm})
0:24          Function Call: @main(struct-ds_in_t-vf4-vf31[2];vf2;struct-pcf_in_t-f1[3]-f11; ( temp structure{ temp 4-component vector of float pos,  temp 3-component vector of float norm})
0:?             'i' ( temp 2-element array of structure{ temp 4-component vector of float pos,  temp 3-component vector of float norm})
0:?             'tesscoord' ( temp 2-component vector of float)
0:?             'pcf_data' ( temp structure{ temp 3-element array of float flTessFactor,  temp float flInsideTessFactor})
0:24        move second child to first child ( temp 4-component vector of float)
0:?           'pos' (layout( location=0) out 4-component vector of float)
0:24          pos: direct index for structure ( temp 4-component vector of float)
0:24            'flattenTemp' ( temp structure{ temp 4-component vector of float pos,  temp 3-component vector of float norm})
0:24            Constant:
0:24              0 (const int)
0:24        move second child to first child ( temp 3-component vector of float)
0:?           'norm' (layout( location=1) out 3-component vector of float)
0:24          norm: direct index for structure ( temp 3-component vector of float)
0:24            'flattenTemp' ( temp structure{ temp 4-component vector of float pos,  temp 3-component vector of float norm})
0:24            Constant:
0:24              1 (const int)
0:?   Linker Objects
0:?     'pos' (layout( location=0) out 4-component vector of float)
0:?     'norm' (layout( location=1) out 3-component vector of float)
0:?     'i[0].pos' (layout( location=0) in 4-component vector of float)
0:?     'i[0].norm' (layout( location=1) in 3-component vector of float)
0:?     'i[1].pos' (layout( location=2) in 4-component vector of float)
0:?     'i[1].norm' (layout( location=3) in 3-component vector of float)
0:?     'tesscoord' ( patch in 3-component vector of float TessCoord)
0:?     'flTessFactor[0]' ( patch in float TessLevelOuter)
0:?     'flTessFactor[1]' ( patch in float TessLevelOuter)
0:?     'flTessFactor[2]' ( patch in float TessLevelOuter)
0:?     'flTessFactor[0]' ( patch in float TessLevelOuter)
0:?     'flTessFactor[1]' ( patch in float TessLevelOuter)
0:?     'flTessFactor[2]' ( patch in float TessLevelOuter)
0:?     'flInsideTessFactor' ( patch in float TessLevelInner)


Linked tessellation evaluation stage:


Shader version: 500
input primitive = isolines
vertex spacing = none
triangle order = none
0:? Sequence
0:24  Function Definition: @main(struct-ds_in_t-vf4-vf31[2];vf2;struct-pcf_in_t-f1[3]-f11; ( temp structure{ temp 4-component vector of float pos,  temp 3-component vector of float norm})
0:24    Function Parameters: 
0:24      'i' ( const (read only) 2-element array of structure{ temp 4-component vector of float pos,  temp 3-component vector of float norm})
0:24      'tesscoord' ( in 2-component vector of float)
0:24      'pcf_data' ( in structure{ temp 3-element array of float flTessFactor,  temp float flInsideTessFactor})
0:?     Sequence
0:27      move second child to first child ( temp 4-component vector of float)
0:27        pos: direct index for structure ( temp 4-component vector of float)
0:27          'o' ( temp structure{ temp 4-component vector of float pos,  temp 3-component vector of float norm})
0:27          Constant:
0:27            0 (const int)
0:27        add ( temp 4-component vector of float)
0:27          pos: direct index for structure ( temp 4-component vector of float)
0:27            direct index ( temp structure{ temp 4-component vector of float pos,  temp 3-component vector of float norm})
0:27              'i' ( const (read only) 2-element array of structure{ temp 4-component vector of float pos,  temp 3-component vector of float norm})
0:27              Constant:
0:27                0 (const int)
0:27            Constant:
0:27              0 (const int)
0:27          direct index ( temp float)
0:27            'tesscoord' ( in 2-component vector of float)
0:27            Constant:
0:27              0 (const int)
0:28      move second child to first child ( temp 3-component vector of float)
0:28        norm: direct index for structure ( temp 3-component vector of float)
0:28          'o' ( temp structure{ temp 4-component vector of float pos,  temp 3-component vector of float norm})
0:28          Constant:
0:28            1 (const int)
0:28        add ( temp 3-component vector of float)
0:28          norm: direct index for structure ( temp 3-component vector of float)
0:28            direct index ( temp structure{ temp 4-component vector of float pos,  temp 3-component vector of float norm})
0:28              'i' ( const (read only) 2-element array of structure{ temp 4-component vector of float pos,  temp 3-component vector of float norm})
0:28              Constant:
0:28                0 (const int)
0:28            Constant:
0:28              1 (const int)
0:28          direct index ( temp float)
0:28            'tesscoord' ( in 2-component vector of float)
0:28            Constant:
0:28              1 (const int)
0:30      Branch: Return with expression
0:30        'o' ( temp structure{ temp 4-component vector of float pos,  temp 3-component vector of float norm})
0:24  Function Definition: main( ( temp void)
0:24    Function Parameters: 
0:?     Sequence
0:24      Sequence
0:24        move second child to first child ( temp 4-component vector of float)
0:24          pos: direct index for structure ( temp 4-component vector of float)
0:24            direct index ( temp structure{ temp 4-component vector of float pos,  temp 3-component vector of float norm})
0:?               'i' ( temp 2-element array of structure{ temp 4-component vector of float pos,  temp 3-component vector of float norm})
0:24              Constant:
0:24                0 (const int)
0:24            Constant:
0:24              0 (const int)
0:?           'i[0].pos' (layout( location=0) in 4-component vector of float)
0:24        move second child to first child ( temp 3-component vector of float)
0:24          norm: direct index for structure ( temp 3-component vector of float)
0:24            direct index ( temp structure{ temp 4-component vector of float pos,  temp 3-component vector of float norm})
0:?               'i' ( temp 2-element array of structure{ temp 4-component vector of float pos,  temp 3-component vector of float norm})
0:24              Constant:
0:24                0 (const int)
0:24            Constant:
0:24              1 (const int)
0:?           'i[0].norm' (layout( location=1) in 3-component vector of float)
0:24        move second child to first child ( temp 4-component vector of float)
0:24          pos: direct index for structure ( temp 4-component vector of float)
0:24            direct index ( temp structure{ temp 4-component vector of float pos,  temp 3-component vector of float norm})
0:?               'i' ( temp 2-element array of structure{ temp 4-component vector of float pos,  temp 3-component vector of float norm})
0:24              Constant:
0:24                1 (const int)
0:24            Constant:
0:24              0 (const int)
0:?           'i[1].pos' (layout( location=2) in 4-component vector of float)
0:24        move second child to first child ( temp 3-component vector of float)
0:24          norm: direct index for structure ( temp 3-component vector of float)
0:24            direct index ( temp structure{ temp 4-component vector of float pos,  temp 3-component vector of float norm})
0:?               'i' ( temp 2-element array of structure{ temp 4-component vector of float pos,  temp 3-component vector of float norm})
0:24              Constant:
0:24                1 (const int)
0:24            Constant:
0:24              1 (const int)
0:?           'i[1].norm' (layout( location=3) in 3-component vector of float)
0:24      move second child to first child ( temp 2-component vector of float)
0:?         'tesscoord' ( temp 2-component vector of float)
0:?         Construct vec2 ( temp 2-component vector of float)
0:?           'tesscoord' ( patch in 3-component vector of float TessCoord)
0:24      Sequence
0:24        move second child to first child ( temp float)
0:24          direct index ( temp float)
0:24            flTessFactor: direct index for structure ( temp 3-element array of float)
0:?               'pcf_data' ( temp structure{ temp 3-element array of float flTessFactor,  temp float flInsideTessFactor})
0:24              Constant:
0:24                0 (const int)
0:24            Constant:
0:24              0 (const int)
0:?           'flTessFactor[0]' ( patch in float TessLevelOuter)
0:24        move second child to first child ( temp float)
0:24          direct index ( temp float)
0:24            flTessFactor: direct index for structure ( temp 3-element array of float)
0:?               'pcf_data' ( temp structure{ temp 3-element array of float flTessFactor,  temp float flInsideTessFactor})
0:24              Constant:
0:24                0 (const int)
0:24            Constant:
0:24              1 (const int)
0:?           'flTessFactor[1]' ( patch in float TessLevelOuter)
0:24        move second child to first child ( temp float)
0:24          direct index ( temp float)
0:24            flTessFactor: direct index for structure ( temp 3-element array of float)
0:?               'pcf_data' ( temp structure{ temp 3-element array of float flTessFactor,  temp float flInsideTessFactor})
0:24              Constant:
0:24                0 (const int)
0:24            Constant:
0:24              2 (const int)
0:?           'flTessFactor[2]' ( patch in float TessLevelOuter)
0:24        move second child to first child ( temp float)
0:24          flInsideTessFactor: direct index for structure ( temp float)
0:?             'pcf_data' ( temp structure{ temp 3-element array of float flTessFactor,  temp float flInsideTessFactor})
0:24            Constant:
0:24              1 (const int)
0:?           'flInsideTessFactor' ( patch in float TessLevelInner)
0:24      Sequence
0:24        move second child to first child ( temp structure{ temp 4-component vector of float pos,  temp 3-component vector of float norm})
0:24          'flattenTemp' ( temp structure{ temp 4-component vector of float pos,  temp 3-component vector of float norm})
0:24          Function Call: @main(struct-ds_in_t-vf4-vf31[2];vf2;struct-pcf_in_t-f1[3]-f11; ( temp structure{ temp 4-component vector of float pos,  temp 3-component vector of float norm})
0:?             'i' ( temp 2-element array of structure{ temp 4-component vector of float pos,  temp 3-component vector of float norm})
0:?             'tesscoord' ( temp 2-component vector of float)
0:?             'pcf_data' ( temp structure{ temp 3-element array of float flTessFactor,  temp float flInsideTessFactor})
0:24        move second child to first child ( temp 4-component vector of float)
0:?           'pos' (layout( location=0) out 4-component vector of float)
0:24          pos: direct index for structure ( temp 4-component vector of float)
0:24            'flattenTemp' ( temp structure{ temp 4-component vector of float pos,  temp 3-component vector of float norm})
0:24            Constant:
0:24              0 (const int)
0:24        move second child to first child ( temp 3-component vector of float)
0:?           'norm' (layout( location=1) out 3-component vector of float)
0:24          norm: direct index for structure ( temp 3-component vector of float)
0:24            'flattenTemp' ( temp structure{ temp 4-component vector of float pos,  temp 3-component vector of float norm})
0:24            Constant:
0:24              1 (const int)
0:?   Linker Objects
0:?     'pos' (layout( location=0) out 4-component vector of float)
0:?     'norm' (layout( location=1) out 3-component vector of float)
0:?     'i[0].pos' (layout( location=0) in 4-component vector of float)
0:?     'i[0].norm' (layout( location=1) in 3-component vector of float)
0:?     'i[1].pos' (layout( location=2) in 4-component vector of float)
0:?     'i[1].norm' (layout( location=3) in 3-component vector of float)
0:?     'tesscoord' ( patch in 3-component vector of float TessCoord)
0:?     'flTessFactor[0]' ( patch in float TessLevelOuter)
0:?     'flTessFactor[1]' ( patch in float TessLevelOuter)
0:?     'flTessFactor[2]' ( patch in float TessLevelOuter)
0:?     'flTessFactor[0]' ( patch in float TessLevelOuter)
0:?     'flTessFactor[1]' ( patch in float TessLevelOuter)
0:?     'flTessFactor[2]' ( patch in float TessLevelOuter)
0:?     'flInsideTessFactor' ( patch in float TessLevelInner)

// Module Version 10000
// Generated by (magic number): 80001
// Id's are bound by 103

                              Capability Tessellation
               1:             ExtInstImport  "GLSL.std.450"
                              MemoryModel Logical GLSL450
                              EntryPoint TessellationEvaluation 4  "main" 54 58 61 64 68 75 78 82 85 96 100
                              ExecutionMode 4 Isolines
                              Source HLSL 500
                              Name 4  "main"
                              Name 9  "ds_in_t"
                              MemberName 9(ds_in_t) 0  "pos"
                              MemberName 9(ds_in_t) 1  "norm"
                              Name 17  "pcf_in_t"
                              MemberName 17(pcf_in_t) 0  "flTessFactor"
                              MemberName 17(pcf_in_t) 1  "flInsideTessFactor"
                              Name 19  "gs_in_t"
                              MemberName 19(gs_in_t) 0  "pos"
                              MemberName 19(gs_in_t) 1  "norm"
                              Name 24  "@main(struct-ds_in_t-vf4-vf31[2];vf2;struct-pcf_in_t-f1[3]-f11;"
                              Name 21  "i"
                              Name 22  "tesscoord"
                              Name 23  "pcf_data"
                              Name 27  "o"
                              Name 52  "i"
                              Name 54  "i[0].pos"
                              Name 58  "i[0].norm"
                              Name 61  "i[1].pos"
                              Name 64  "i[1].norm"
                              Name 67  "tesscoord"
                              Name 68  "tesscoord"
                              Name 73  "pcf_data"
                              Name 75  "flTessFactor[0]"
                              Name 78  "flTessFactor[1]"
                              Name 82  "flTessFactor[2]"
                              Name 85  "flInsideTessFactor"
                              Name 88  "flattenTemp"
                              Name 90  "param"
                              Name 92  "param"
                              Name 96  "pos"
                              Name 100  "norm"
                              Decorate 54(i[0].pos) Location 0
                              Decorate 58(i[0].norm) Location 1
                              Decorate 61(i[1].pos) Location 2
                              Decorate 64(i[1].norm) Location 3
                              Decorate 68(tesscoord) Patch
                              Decorate 68(tesscoord) BuiltIn TessCoord
                              Decorate 75(flTessFactor[0]) Patch
                              Decorate 75(flTessFactor[0]) BuiltIn TessLevelOuter
                              Decorate 78(flTessFactor[1]) Patch
                              Decorate 78(flTessFactor[1]) BuiltIn TessLevelOuter
                              Decorate 82(flTessFactor[2]) Patch
                              Decorate 82(flTessFactor[2]) BuiltIn TessLevelOuter
                              Decorate 85(flInsideTessFactor) Patch
                              Decorate 85(flInsideTessFactor) BuiltIn TessLevelInner
                              Decorate 96(pos) Location 0
                              Decorate 100(norm) Location 1
               2:             TypeVoid
               3:             TypeFunction 2
               6:             TypeFloat 32
               7:             TypeVector 6(float) 4
               8:             TypeVector 6(float) 3
      9(ds_in_t):             TypeStruct 7(fvec4) 8(fvec3)
              10:             TypeInt 32 0
              11:     10(int) Constant 2
              12:             TypeArray 9(ds_in_t) 11
              13:             TypeVector 6(float) 2
              14:             TypePointer Function 13(fvec2)
              15:     10(int) Constant 3
              16:             TypeArray 6(float) 15
    17(pcf_in_t):             TypeStruct 16 6(float)
              18:             TypePointer Function 17(pcf_in_t)
     19(gs_in_t):             TypeStruct 7(fvec4) 8(fvec3)
              20:             TypeFunction 19(gs_in_t) 12 14(ptr) 18(ptr)
              26:             TypePointer Function 19(gs_in_t)
              28:             TypeInt 32 1
              29:     28(int) Constant 0
              31:     10(int) Constant 0
              32:             TypePointer Function 6(float)
              37:             TypePointer Function 7(fvec4)
              39:     28(int) Constant 1
              41:     10(int) Constant 1
              46:             TypePointer Function 8(fvec3)
              51:             TypePointer Function 12
              53:             TypePointer Input 7(fvec4)
    54(i[0].pos):     53(ptr) Variable Input
              57:             TypePointer Input 8(fvec3)
   58(i[0].norm):     57(ptr) Variable Input
    61(i[1].pos):     53(ptr) Variable Input
   64(i[1].norm):     57(ptr) Variable Input
   68(tesscoord):     57(ptr) Variable Input
              74:             TypePointer Input 6(float)
75(flTessFactor[0]):     74(ptr) Variable Input
78(flTessFactor[1]):     74(ptr) Variable Input
              81:     28(int) Constant 2
82(flTessFactor[2]):     74(ptr) Variable Input
85(flInsideTessFactor):     74(ptr) Variable Input
              95:             TypePointer Output 7(fvec4)
         96(pos):     95(ptr) Variable Output
              99:             TypePointer Output 8(fvec3)
       100(norm):     99(ptr) Variable Output
         4(main):           2 Function None 3
               5:             Label
           52(i):     51(ptr) Variable Function
   67(tesscoord):     14(ptr) Variable Function
    73(pcf_data):     18(ptr) Variable Function
 88(flattenTemp):     26(ptr) Variable Function
       90(param):     14(ptr) Variable Function
       92(param):     18(ptr) Variable Function
              55:    7(fvec4) Load 54(i[0].pos)
              56:     37(ptr) AccessChain 52(i) 29 29
                              Store 56 55
              59:    8(fvec3) Load 58(i[0].norm)
              60:     46(ptr) AccessChain 52(i) 29 39
                              Store 60 59
              62:    7(fvec4) Load 61(i[1].pos)
              63:     37(ptr) AccessChain 52(i) 39 29
                              Store 63 62
              65:    8(fvec3) Load 64(i[1].norm)
              66:     46(ptr) AccessChain 52(i) 39 39
                              Store 66 65
              69:    8(fvec3) Load 68(tesscoord)
              70:    6(float) CompositeExtract 69 0
              71:    6(float) CompositeExtract 69 1
              72:   13(fvec2) CompositeConstruct 70 71
                              Store 67(tesscoord) 72
              76:    6(float) Load 75(flTessFactor[0])
              77:     32(ptr) AccessChain 73(pcf_data) 29 29
                              Store 77 76
              79:    6(float) Load 78(flTessFactor[1])
              80:     32(ptr) AccessChain 73(pcf_data) 29 39
                              Store 80 79
              83:    6(float) Load 82(flTessFactor[2])
              84:     32(ptr) AccessChain 73(pcf_data) 29 81
                              Store 84 83
              86:    6(float) Load 85(flInsideTessFactor)
              87:     32(ptr) AccessChain 73(pcf_data) 39
                              Store 87 86
              89:          12 Load 52(i)
              91:   13(fvec2) Load 67(tesscoord)
                              Store 90(param) 91
              93:17(pcf_in_t) Load 73(pcf_data)
                              Store 92(param) 93
              94: 19(gs_in_t) FunctionCall 24(@main(struct-ds_in_t-vf4-vf31[2];vf2;struct-pcf_in_t-f1[3]-f11;) 89 90(param) 92(param)
                              Store 88(flattenTemp) 94
              97:     37(ptr) AccessChain 88(flattenTemp) 29
              98:    7(fvec4) Load 97
                              Store 96(pos) 98
             101:     46(ptr) AccessChain 88(flattenTemp) 39
             102:    8(fvec3) Load 101
                              Store 100(norm) 102
                              Return
                              FunctionEnd
24(@main(struct-ds_in_t-vf4-vf31[2];vf2;struct-pcf_in_t-f1[3]-f11;): 19(gs_in_t) Function None 20
           21(i):          12 FunctionParameter
   22(tesscoord):     14(ptr) FunctionParameter
    23(pcf_data):     18(ptr) FunctionParameter
              25:             Label
           27(o):     26(ptr) Variable Function
              30:    7(fvec4) CompositeExtract 21(i) 0 0
              33:     32(ptr) AccessChain 22(tesscoord) 31
              34:    6(float) Load 33
              35:    7(fvec4) CompositeConstruct 34 34 34 34
              36:    7(fvec4) FAdd 30 35
              38:     37(ptr) AccessChain 27(o) 29
                              Store 38 36
              40:    8(fvec3) CompositeExtract 21(i) 0 1
              42:     32(ptr) AccessChain 22(tesscoord) 41
              43:    6(float) Load 42
              44:    8(fvec3) CompositeConstruct 43 43 43
              45:    8(fvec3) FAdd 40 44
              47:     46(ptr) AccessChain 27(o) 39
                              Store 47 45
              48: 19(gs_in_t) Load 27(o)
                              ReturnValue 48
                              FunctionEnd
