hlsl.hull.ctrlpt-1.tesc
Shader version: 500
vertices = 3
vertex spacing = fractional_odd_spacing
triangle order = cw
0:? Sequence
0:27  Function Definition: @main(struct-hs_in_t-vf31[3];u1; ( temp structure{ temp 3-component vector of float val})
0:27    Function Parameters: 
0:27      'i' ( in 3-element array of structure{ temp 3-component vector of float val})
0:27      'cpid' ( in uint)
0:?     Sequence
0:29      move second child to first child ( temp 3-component vector of float)
0:29        val: direct index for structure ( temp 3-component vector of float)
0:29          'o' ( temp structure{ temp 3-component vector of float val})
0:29          Constant:
0:29            0 (const int)
0:29        Construct vec3 ( temp 3-component vector of float)
0:29          Convert uint to float ( temp float)
0:29            'cpid' ( in uint)
0:30      Branch: Return with expression
0:30        'o' ( temp structure{ temp 3-component vector of float val})
0:27  Function Definition: main( ( temp void)
0:27    Function Parameters: 
0:?     Sequence
0:27      Sequence
0:27        move second child to first child ( temp 3-component vector of float)
0:27          val: direct index for structure ( temp 3-component vector of float)
0:27            direct index ( temp structure{ temp 3-component vector of float val})
0:?               'i' ( temp 3-element array of structure{ temp 3-component vector of float val})
0:27              Constant:
0:27                0 (const int)
0:27            Constant:
0:27              0 (const int)
0:?           'i[0].val' (layout( location=0) in 3-component vector of float)
0:27        move second child to first child ( temp 3-component vector of float)
0:27          val: direct index for structure ( temp 3-component vector of float)
0:27            direct index ( temp structure{ temp 3-component vector of float val})
0:?               'i' ( temp 3-element array of structure{ temp 3-component vector of float val})
0:27              Constant:
0:27                1 (const int)
0:27            Constant:
0:27              0 (const int)
0:?           'i[1].val' (layout( location=1) in 3-component vector of float)
0:27        move second child to first child ( temp 3-component vector of float)
0:27          val: direct index for structure ( temp 3-component vector of float)
0:27            direct index ( temp structure{ temp 3-component vector of float val})
0:?               'i' ( temp 3-element array of structure{ temp 3-component vector of float val})
0:27              Constant:
0:27                2 (const int)
0:27            Constant:
0:27              0 (const int)
0:?           'i[2].val' (layout( location=2) in 3-component vector of float)
0:27      move second child to first child ( temp uint)
0:?         'cpid' ( temp uint)
0:?         'cpid' ( in uint InvocationID)
0:27      move second child to first child ( temp structure{ temp 3-component vector of float val})
0:27        indirect index ( temp structure{ temp 3-component vector of float val})
0:?           '@entryPointOutput' ( out 3-element array of structure{ temp 3-component vector of float val})
0:?           'cpid' ( in uint InvocationID)
0:27        Function Call: @main(struct-hs_in_t-vf31[3];u1; ( temp structure{ temp 3-component vector of float val})
0:?           'i' ( temp 3-element array of structure{ temp 3-component vector of float val})
0:?           'cpid' ( temp uint)
0:?       Barrier ( temp void)
0:?       Test condition and select ( temp void)
0:?         Condition
0:?         Compare Equal ( temp bool)
0:?           'cpid' ( in uint InvocationID)
0:?           Constant:
0:?             0 (const int)
0:?         true case
0:?         Sequence
0:?           move second child to first child ( temp structure{ temp 3-component vector of float val})
0:?             direct index ( temp structure{ temp 3-component vector of float val})
0:?               'pcf_out' ( temp 3-element array of structure{ temp 3-component vector of float val})
0:?               Constant:
0:?                 0 (const int)
0:?             Function Call: @main(struct-hs_in_t-vf31[3];u1; ( temp structure{ temp 3-component vector of float val})
0:?               'i' ( temp 3-element array of structure{ temp 3-component vector of float val})
0:?               Constant:
0:?                 0 (const uint)
0:?           move second child to first child ( temp structure{ temp 3-component vector of float val})
0:?             direct index ( temp structure{ temp 3-component vector of float val})
0:?               'pcf_out' ( temp 3-element array of structure{ temp 3-component vector of float val})
0:?               Constant:
0:?                 1 (const int)
0:?             Function Call: @main(struct-hs_in_t-vf31[3];u1; ( temp structure{ temp 3-component vector of float val})
0:?               'i' ( temp 3-element array of structure{ temp 3-component vector of float val})
0:?               Constant:
0:?                 1 (const uint)
0:?           move second child to first child ( temp structure{ temp 3-component vector of float val})
0:?             direct index ( temp structure{ temp 3-component vector of float val})
0:?               'pcf_out' ( temp 3-element array of structure{ temp 3-component vector of float val})
0:?               Constant:
0:?                 2 (const int)
0:?             Function Call: @main(struct-hs_in_t-vf31[3];u1; ( temp structure{ temp 3-component vector of float val})
0:?               'i' ( temp 3-element array of structure{ temp 3-component vector of float val})
0:?               Constant:
0:?                 2 (const uint)
0:?           move second child to first child ( temp structure{ temp 3-element array of float tfactor,  temp float flInFactor})
0:?             '@patchConstantResult' ( temp structure{ temp 3-element array of float tfactor,  temp float flInFactor})
0:?             Function Call: PCF(struct-hs_out_t-vf31[3]; ( temp structure{ temp 3-element array of float tfactor,  temp float flInFactor})
0:?               'pcf_out' ( temp 3-element array of structure{ temp 3-component vector of float val})
0:?           Sequence
0:?             move second child to first child ( temp float)
0:?               'tfactor[0]' ( patch out float TessLevelOuter)
0:?               direct index ( temp float)
0:?                 tfactor: direct index for structure ( temp 3-element array of float)
0:?                   '@patchConstantResult' ( temp structure{ temp 3-element array of float tfactor,  temp float flInFactor})
0:?                   Constant:
0:?                     0 (const int)
0:?                 Constant:
0:?                   0 (const int)
0:?             move second child to first child ( temp float)
0:?               'tfactor[1]' ( patch out float TessLevelOuter)
0:?               direct index ( temp float)
0:?                 tfactor: direct index for structure ( temp 3-element array of float)
0:?                   '@patchConstantResult' ( temp structure{ temp 3-element array of float tfactor,  temp float flInFactor})
0:?                   Constant:
0:?                     0 (const int)
0:?                 Constant:
0:?                   1 (const int)
0:?             move second child to first child ( temp float)
0:?               'tfactor[2]' ( patch out float TessLevelOuter)
0:?               direct index ( temp float)
0:?                 tfactor: direct index for structure ( temp 3-element array of float)
0:?                   '@patchConstantResult' ( temp structure{ temp 3-element array of float tfactor,  temp float flInFactor})
0:?                   Constant:
0:?                     0 (const int)
0:?                 Constant:
0:?                   2 (const int)
0:?             move second child to first child ( temp float)
0:?               'flInFactor' ( patch out float TessLevelInner)
0:?               flInFactor: direct index for structure ( temp float)
0:?                 '@patchConstantResult' ( temp structure{ temp 3-element array of float tfactor,  temp float flInFactor})
0:?                 Constant:
0:?                   1 (const int)
0:34  Function Definition: PCF(struct-hs_out_t-vf31[3]; ( temp structure{ temp 3-element array of float tfactor,  temp float flInFactor})
0:34    Function Parameters: 
0:34      'pcf_out' ( const (read only) 3-element array of structure{ temp 3-component vector of float val})
0:?     Sequence
0:37      move second child to first child ( temp float)
0:37        direct index ( temp float)
0:37          tfactor: direct index for structure ( temp 3-element array of float)
0:37            'o' ( temp structure{ temp 3-element array of float tfactor,  temp float flInFactor})
0:37            Constant:
0:37              0 (const int)
0:37          Constant:
0:37            0 (const int)
0:37        direct index ( temp float)
0:37          val: direct index for structure ( temp 3-component vector of float)
0:37            direct index ( temp structure{ temp 3-component vector of float val})
0:37              'pcf_out' ( const (read only) 3-element array of structure{ temp 3-component vector of float val})
0:37              Constant:
0:37                0 (const int)
0:37            Constant:
0:37              0 (const int)
0:37          Constant:
0:37            0 (const int)
0:38      move second child to first child ( temp float)
0:38        direct index ( temp float)
0:38          tfactor: direct index for structure ( temp 3-element array of float)
0:38            'o' ( temp structure{ temp 3-element array of float tfactor,  temp float flInFactor})
0:38            Constant:
0:38              0 (const int)
0:38          Constant:
0:38            1 (const int)
0:38        direct index ( temp float)
0:38          val: direct index for structure ( temp 3-component vector of float)
0:38            direct index ( temp structure{ temp 3-component vector of float val})
0:38              'pcf_out' ( const (read only) 3-element array of structure{ temp 3-component vector of float val})
0:38              Constant:
0:38                1 (const int)
0:38            Constant:
0:38              0 (const int)
0:38          Constant:
0:38            0 (const int)
0:39      move second child to first child ( temp float)
0:39        direct index ( temp float)
0:39          tfactor: direct index for structure ( temp 3-element array of float)
0:39            'o' ( temp structure{ temp 3-element array of float tfactor,  temp float flInFactor})
0:39            Constant:
0:39              0 (const int)
0:39          Constant:
0:39            2 (const int)
0:39        direct index ( temp float)
0:39          val: direct index for structure ( temp 3-component vector of float)
0:39            direct index ( temp structure{ temp 3-component vector of float val})
0:39              'pcf_out' ( const (read only) 3-element array of structure{ temp 3-component vector of float val})
0:39              Constant:
0:39                2 (const int)
0:39            Constant:
0:39              0 (const int)
0:39          Constant:
0:39            0 (const int)
0:40      move second child to first child ( temp float)
0:40        flInFactor: direct index for structure ( temp float)
0:40          'o' ( temp structure{ temp 3-element array of float tfactor,  temp float flInFactor})
0:40          Constant:
0:40            1 (const int)
0:40        Constant:
0:40          4.000000
0:42      Branch: Return with expression
0:42        'o' ( temp structure{ temp 3-element array of float tfactor,  temp float flInFactor})
0:?   Linker Objects
0:?     '@entryPointOutput[0].val' (layout( location=0) out 3-component vector of float)
0:?     '@entryPointOutput[1].val' (layout( location=1) out 3-component vector of float)
0:?     '@entryPointOutput[2].val' (layout( location=2) out 3-component vector of float)
0:?     'i[0].val' (layout( location=0) in 3-component vector of float)
0:?     'i[1].val' (layout( location=1) in 3-component vector of float)
0:?     'i[2].val' (layout( location=2) in 3-component vector of float)
0:?     'cpid' ( in uint InvocationID)
0:?     'tfactor[0]' ( patch out float TessLevelOuter)
0:?     'tfactor[1]' ( patch out float TessLevelOuter)
0:?     'tfactor[2]' ( patch out float TessLevelOuter)
0:?     'tfactor[0]' ( patch out float TessLevelOuter)
0:?     'tfactor[1]' ( patch out float TessLevelOuter)
0:?     'tfactor[2]' ( patch out float TessLevelOuter)
0:?     'flInFactor' ( patch out float TessLevelInner)


Linked tessellation control stage:


Shader version: 500
vertices = 3
vertex spacing = fractional_odd_spacing
triangle order = cw
0:? Sequence
0:27  Function Definition: @main(struct-hs_in_t-vf31[3];u1; ( temp structure{ temp 3-component vector of float val})
0:27    Function Parameters: 
0:27      'i' ( in 3-element array of structure{ temp 3-component vector of float val})
0:27      'cpid' ( in uint)
0:?     Sequence
0:29      move second child to first child ( temp 3-component vector of float)
0:29        val: direct index for structure ( temp 3-component vector of float)
0:29          'o' ( temp structure{ temp 3-component vector of float val})
0:29          Constant:
0:29            0 (const int)
0:29        Construct vec3 ( temp 3-component vector of float)
0:29          Convert uint to float ( temp float)
0:29            'cpid' ( in uint)
0:30      Branch: Return with expression
0:30        'o' ( temp structure{ temp 3-component vector of float val})
0:27  Function Definition: main( ( temp void)
0:27    Function Parameters: 
0:?     Sequence
0:27      Sequence
0:27        move second child to first child ( temp 3-component vector of float)
0:27          val: direct index for structure ( temp 3-component vector of float)
0:27            direct index ( temp structure{ temp 3-component vector of float val})
0:?               'i' ( temp 3-element array of structure{ temp 3-component vector of float val})
0:27              Constant:
0:27                0 (const int)
0:27            Constant:
0:27              0 (const int)
0:?           'i[0].val' (layout( location=0) in 3-component vector of float)
0:27        move second child to first child ( temp 3-component vector of float)
0:27          val: direct index for structure ( temp 3-component vector of float)
0:27            direct index ( temp structure{ temp 3-component vector of float val})
0:?               'i' ( temp 3-element array of structure{ temp 3-component vector of float val})
0:27              Constant:
0:27                1 (const int)
0:27            Constant:
0:27              0 (const int)
0:?           'i[1].val' (layout( location=1) in 3-component vector of float)
0:27        move second child to first child ( temp 3-component vector of float)
0:27          val: direct index for structure ( temp 3-component vector of float)
0:27            direct index ( temp structure{ temp 3-component vector of float val})
0:?               'i' ( temp 3-element array of structure{ temp 3-component vector of float val})
0:27              Constant:
0:27                2 (const int)
0:27            Constant:
0:27              0 (const int)
0:?           'i[2].val' (layout( location=2) in 3-component vector of float)
0:27      move second child to first child ( temp uint)
0:?         'cpid' ( temp uint)
0:?         'cpid' ( in uint InvocationID)
0:27      move second child to first child ( temp structure{ temp 3-component vector of float val})
0:27        indirect index ( temp structure{ temp 3-component vector of float val})
0:?           '@entryPointOutput' ( out 3-element array of structure{ temp 3-component vector of float val})
0:?           'cpid' ( in uint InvocationID)
0:27        Function Call: @main(struct-hs_in_t-vf31[3];u1; ( temp structure{ temp 3-component vector of float val})
0:?           'i' ( temp 3-element array of structure{ temp 3-component vector of float val})
0:?           'cpid' ( temp uint)
0:?       Barrier ( temp void)
0:?       Test condition and select ( temp void)
0:?         Condition
0:?         Compare Equal ( temp bool)
0:?           'cpid' ( in uint InvocationID)
0:?           Constant:
0:?             0 (const int)
0:?         true case
0:?         Sequence
0:?           move second child to first child ( temp structure{ temp 3-component vector of float val})
0:?             direct index ( temp structure{ temp 3-component vector of float val})
0:?               'pcf_out' ( temp 3-element array of structure{ temp 3-component vector of float val})
0:?               Constant:
0:?                 0 (const int)
0:?             Function Call: @main(struct-hs_in_t-vf31[3];u1; ( temp structure{ temp 3-component vector of float val})
0:?               'i' ( temp 3-element array of structure{ temp 3-component vector of float val})
0:?               Constant:
0:?                 0 (const uint)
0:?           move second child to first child ( temp structure{ temp 3-component vector of float val})
0:?             direct index ( temp structure{ temp 3-component vector of float val})
0:?               'pcf_out' ( temp 3-element array of structure{ temp 3-component vector of float val})
0:?               Constant:
0:?                 1 (const int)
0:?             Function Call: @main(struct-hs_in_t-vf31[3];u1; ( temp structure{ temp 3-component vector of float val})
0:?               'i' ( temp 3-element array of structure{ temp 3-component vector of float val})
0:?               Constant:
0:?                 1 (const uint)
0:?           move second child to first child ( temp structure{ temp 3-component vector of float val})
0:?             direct index ( temp structure{ temp 3-component vector of float val})
0:?               'pcf_out' ( temp 3-element array of structure{ temp 3-component vector of float val})
0:?               Constant:
0:?                 2 (const int)
0:?             Function Call: @main(struct-hs_in_t-vf31[3];u1; ( temp structure{ temp 3-component vector of float val})
0:?               'i' ( temp 3-element array of structure{ temp 3-component vector of float val})
0:?               Constant:
0:?                 2 (const uint)
0:?           move second child to first child ( temp structure{ temp 3-element array of float tfactor,  temp float flInFactor})
0:?             '@patchConstantResult' ( temp structure{ temp 3-element array of float tfactor,  temp float flInFactor})
0:?             Function Call: PCF(struct-hs_out_t-vf31[3]; ( temp structure{ temp 3-element array of float tfactor,  temp float flInFactor})
0:?               'pcf_out' ( temp 3-element array of structure{ temp 3-component vector of float val})
0:?           Sequence
0:?             move second child to first child ( temp float)
0:?               'tfactor[0]' ( patch out float TessLevelOuter)
0:?               direct index ( temp float)
0:?                 tfactor: direct index for structure ( temp 3-element array of float)
0:?                   '@patchConstantResult' ( temp structure{ temp 3-element array of float tfactor,  temp float flInFactor})
0:?                   Constant:
0:?                     0 (const int)
0:?                 Constant:
0:?                   0 (const int)
0:?             move second child to first child ( temp float)
0:?               'tfactor[1]' ( patch out float TessLevelOuter)
0:?               direct index ( temp float)
0:?                 tfactor: direct index for structure ( temp 3-element array of float)
0:?                   '@patchConstantResult' ( temp structure{ temp 3-element array of float tfactor,  temp float flInFactor})
0:?                   Constant:
0:?                     0 (const int)
0:?                 Constant:
0:?                   1 (const int)
0:?             move second child to first child ( temp float)
0:?               'tfactor[2]' ( patch out float TessLevelOuter)
0:?               direct index ( temp float)
0:?                 tfactor: direct index for structure ( temp 3-element array of float)
0:?                   '@patchConstantResult' ( temp structure{ temp 3-element array of float tfactor,  temp float flInFactor})
0:?                   Constant:
0:?                     0 (const int)
0:?                 Constant:
0:?                   2 (const int)
0:?             move second child to first child ( temp float)
0:?               'flInFactor' ( patch out float TessLevelInner)
0:?               flInFactor: direct index for structure ( temp float)
0:?                 '@patchConstantResult' ( temp structure{ temp 3-element array of float tfactor,  temp float flInFactor})
0:?                 Constant:
0:?                   1 (const int)
0:34  Function Definition: PCF(struct-hs_out_t-vf31[3]; ( temp structure{ temp 3-element array of float tfactor,  temp float flInFactor})
0:34    Function Parameters: 
0:34      'pcf_out' ( const (read only) 3-element array of structure{ temp 3-component vector of float val})
0:?     Sequence
0:37      move second child to first child ( temp float)
0:37        direct index ( temp float)
0:37          tfactor: direct index for structure ( temp 3-element array of float)
0:37            'o' ( temp structure{ temp 3-element array of float tfactor,  temp float flInFactor})
0:37            Constant:
0:37              0 (const int)
0:37          Constant:
0:37            0 (const int)
0:37        direct index ( temp float)
0:37          val: direct index for structure ( temp 3-component vector of float)
0:37            direct index ( temp structure{ temp 3-component vector of float val})
0:37              'pcf_out' ( const (read only) 3-element array of structure{ temp 3-component vector of float val})
0:37              Constant:
0:37                0 (const int)
0:37            Constant:
0:37              0 (const int)
0:37          Constant:
0:37            0 (const int)
0:38      move second child to first child ( temp float)
0:38        direct index ( temp float)
0:38          tfactor: direct index for structure ( temp 3-element array of float)
0:38            'o' ( temp structure{ temp 3-element array of float tfactor,  temp float flInFactor})
0:38            Constant:
0:38              0 (const int)
0:38          Constant:
0:38            1 (const int)
0:38        direct index ( temp float)
0:38          val: direct index for structure ( temp 3-component vector of float)
0:38            direct index ( temp structure{ temp 3-component vector of float val})
0:38              'pcf_out' ( const (read only) 3-element array of structure{ temp 3-component vector of float val})
0:38              Constant:
0:38                1 (const int)
0:38            Constant:
0:38              0 (const int)
0:38          Constant:
0:38            0 (const int)
0:39      move second child to first child ( temp float)
0:39        direct index ( temp float)
0:39          tfactor: direct index for structure ( temp 3-element array of float)
0:39            'o' ( temp structure{ temp 3-element array of float tfactor,  temp float flInFactor})
0:39            Constant:
0:39              0 (const int)
0:39          Constant:
0:39            2 (const int)
0:39        direct index ( temp float)
0:39          val: direct index for structure ( temp 3-component vector of float)
0:39            direct index ( temp structure{ temp 3-component vector of float val})
0:39              'pcf_out' ( const (read only) 3-element array of structure{ temp 3-component vector of float val})
0:39              Constant:
0:39                2 (const int)
0:39            Constant:
0:39              0 (const int)
0:39          Constant:
0:39            0 (const int)
0:40      move second child to first child ( temp float)
0:40        flInFactor: direct index for structure ( temp float)
0:40          'o' ( temp structure{ temp 3-element array of float tfactor,  temp float flInFactor})
0:40          Constant:
0:40            1 (const int)
0:40        Constant:
0:40          4.000000
0:42      Branch: Return with expression
0:42        'o' ( temp structure{ temp 3-element array of float tfactor,  temp float flInFactor})
0:?   Linker Objects
0:?     '@entryPointOutput[0].val' (layout( location=0) out 3-component vector of float)
0:?     '@entryPointOutput[1].val' (layout( location=1) out 3-component vector of float)
0:?     '@entryPointOutput[2].val' (layout( location=2) out 3-component vector of float)
0:?     'i[0].val' (layout( location=0) in 3-component vector of float)
0:?     'i[1].val' (layout( location=1) in 3-component vector of float)
0:?     'i[2].val' (layout( location=2) in 3-component vector of float)
0:?     'cpid' ( in uint InvocationID)
0:?     'tfactor[0]' ( patch out float TessLevelOuter)
0:?     'tfactor[1]' ( patch out float TessLevelOuter)
0:?     'tfactor[2]' ( patch out float TessLevelOuter)
0:?     'tfactor[0]' ( patch out float TessLevelOuter)
0:?     'tfactor[1]' ( patch out float TessLevelOuter)
0:?     'tfactor[2]' ( patch out float TessLevelOuter)
0:?     'flInFactor' ( patch out float TessLevelInner)

// Module Version 10000
// Generated by (magic number): 80001
// Id's are bound by 128

                              Capability Tessellation
               1:             ExtInstImport  "GLSL.std.450"
                              MemoryModel Logical GLSL450
                              EntryPoint TessellationControl 4  "main" 41 45 49 54 57 99 103 106 109 125 126 127
                              ExecutionMode 4 OutputVertices 3
                              ExecutionMode 4 Triangles
                              ExecutionMode 4 SpacingFractionalOdd
                              ExecutionMode 4 VertexOrderCw
                              Source HLSL 500
                              Name 4  "main"
                              Name 8  "hs_in_t"
                              MemberName 8(hs_in_t) 0  "val"
                              Name 14  "hs_out_t"
                              MemberName 14(hs_out_t) 0  "val"
                              Name 18  "@main(struct-hs_in_t-vf31[3];u1;"
                              Name 16  "i"
                              Name 17  "cpid"
                              Name 22  "hs_pcf_t"
                              MemberName 22(hs_pcf_t) 0  "tfactor"
                              MemberName 22(hs_pcf_t) 1  "flInFactor"
                              Name 25  "PCF(struct-hs_out_t-vf31[3];"
                              Name 24  "pcf_out"
                              Name 28  "o"
                              Name 39  "i"
                              Name 41  "i[0].val"
                              Name 45  "i[1].val"
                              Name 49  "i[2].val"
                              Name 52  "cpid"
                              Name 54  "cpid"
                              Name 57  "@entryPointOutput"
                              Name 59  "param"
                              Name 61  "param"
                              Name 75  "pcf_out"
                              Name 76  "i"
                              Name 77  "param"
                              Name 79  "param"
                              Name 82  "i"
                              Name 83  "param"
                              Name 85  "param"
                              Name 88  "i"
                              Name 89  "param"
                              Name 91  "param"
                              Name 95  "@patchConstantResult"
                              Name 99  "tfactor[0]"
                              Name 103  "tfactor[1]"
                              Name 106  "tfactor[2]"
                              Name 109  "flInFactor"
                              Name 112  "o"
                              Name 125  "@entryPointOutput[0].val"
                              Name 126  "@entryPointOutput[1].val"
                              Name 127  "@entryPointOutput[2].val"
                              Decorate 41(i[0].val) Location 0
                              Decorate 45(i[1].val) Location 1
                              Decorate 49(i[2].val) Location 2
                              Decorate 54(cpid) BuiltIn InvocationId
                              Decorate 99(tfactor[0]) Patch
                              Decorate 99(tfactor[0]) BuiltIn TessLevelOuter
                              Decorate 103(tfactor[1]) Patch
                              Decorate 103(tfactor[1]) BuiltIn TessLevelOuter
                              Decorate 106(tfactor[2]) Patch
                              Decorate 106(tfactor[2]) BuiltIn TessLevelOuter
                              Decorate 109(flInFactor) Patch
                              Decorate 109(flInFactor) BuiltIn TessLevelInner
                              Decorate 125(@entryPointOutput[0].val) Location 0
                              Decorate 126(@entryPointOutput[1].val) Location 1
                              Decorate 127(@entryPointOutput[2].val) Location 2
               2:             TypeVoid
               3:             TypeFunction 2
               6:             TypeFloat 32
               7:             TypeVector 6(float) 3
      8(hs_in_t):             TypeStruct 7(fvec3)
               9:             TypeInt 32 0
              10:      9(int) Constant 3
              11:             TypeArray 8(hs_in_t) 10
              12:             TypePointer Function 11
              13:             TypePointer Function 9(int)
    14(hs_out_t):             TypeStruct 7(fvec3)
              15:             TypeFunction 14(hs_out_t) 12(ptr) 13(ptr)
              20:             TypeArray 14(hs_out_t) 10
              21:             TypeArray 6(float) 10
    22(hs_pcf_t):             TypeStruct 21 6(float)
              23:             TypeFunction 22(hs_pcf_t) 20
              27:             TypePointer Function 14(hs_out_t)
              29:             TypeInt 32 1
              30:     29(int) Constant 0
              34:             TypePointer Function 7(fvec3)
              40:             TypePointer Input 7(fvec3)
    41(i[0].val):     40(ptr) Variable Input
              44:     29(int) Constant 1
    45(i[1].val):     40(ptr) Variable Input
              48:     29(int) Constant 2
    49(i[2].val):     40(ptr) Variable Input
              53:             TypePointer Input 9(int)
        54(cpid):     53(ptr) Variable Input
              56:             TypePointer Output 20
57(@entryPointOutput):     56(ptr) Variable Output
              64:             TypePointer Output 14(hs_out_t)
              66:      9(int) Constant 2
              67:      9(int) Constant 1
              68:      9(int) Constant 0
              70:             TypeBool
              74:             TypePointer Function 20
              94:             TypePointer Function 22(hs_pcf_t)
              98:             TypePointer Output 6(float)
  99(tfactor[0]):     98(ptr) Variable Output
             100:             TypePointer Function 6(float)
 103(tfactor[1]):     98(ptr) Variable Output
 106(tfactor[2]):     98(ptr) Variable Output
 109(flInFactor):     98(ptr) Variable Output
             119:    6(float) Constant 1082130432
             124:             TypePointer Output 7(fvec3)
125(@entryPointOutput[0].val):    124(ptr) Variable Output
126(@entryPointOutput[1].val):    124(ptr) Variable Output
127(@entryPointOutput[2].val):    124(ptr) Variable Output
         4(main):           2 Function None 3
               5:             Label
           39(i):     12(ptr) Variable Function
        52(cpid):     13(ptr) Variable Function
       59(param):     12(ptr) Variable Function
       61(param):     13(ptr) Variable Function
     75(pcf_out):     74(ptr) Variable Function
           76(i):     12(ptr) Variable Function
       77(param):     12(ptr) Variable Function
       79(param):     13(ptr) Variable Function
           82(i):     12(ptr) Variable Function
       83(param):     12(ptr) Variable Function
       85(param):     13(ptr) Variable Function
           88(i):     12(ptr) Variable Function
       89(param):     12(ptr) Variable Function
       91(param):     13(ptr) Variable Function
95(@patchConstantResult):     94(ptr) Variable Function
              42:    7(fvec3) Load 41(i[0].val)
              43:     34(ptr) AccessChain 39(i) 30 30
                              Store 43 42
              46:    7(fvec3) Load 45(i[1].val)
              47:     34(ptr) AccessChain 39(i) 44 30
                              Store 47 46
              50:    7(fvec3) Load 49(i[2].val)
              51:     34(ptr) AccessChain 39(i) 48 30
                              Store 51 50
              55:      9(int) Load 54(cpid)
                              Store 52(cpid) 55
              58:      9(int) Load 54(cpid)
              60:          11 Load 39(i)
                              Store 59(param) 60
              62:      9(int) Load 52(cpid)
                              Store 61(param) 62
              63:14(hs_out_t) FunctionCall 18(@main(struct-hs_in_t-vf31[3];u1;) 59(param) 61(param)
              65:     64(ptr) AccessChain 57(@entryPointOutput) 58
                              Store 65 63
                              ControlBarrier 66 67 68
              69:      9(int) Load 54(cpid)
              71:    70(bool) IEqual 69 30
                              SelectionMerge 73 None
                              BranchConditional 71 72 73
              72:               Label
              78:          11   Load 76(i)
                                Store 77(param) 78
                                Store 79(param) 68
              80:14(hs_out_t)   FunctionCall 18(@main(struct-hs_in_t-vf31[3];u1;) 77(param) 79(param)
              81:     27(ptr)   AccessChain 75(pcf_out) 30
                                Store 81 80
              84:          11   Load 82(i)
                                Store 83(param) 84
                                Store 85(param) 67
              86:14(hs_out_t)   FunctionCall 18(@main(struct-hs_in_t-vf31[3];u1;) 83(param) 85(param)
              87:     27(ptr)   AccessChain 75(pcf_out) 44
                                Store 87 86
              90:          11   Load 88(i)
                                Store 89(param) 90
                                Store 91(param) 66
              92:14(hs_out_t)   FunctionCall 18(@main(struct-hs_in_t-vf31[3];u1;) 89(param) 91(param)
              93:     27(ptr)   AccessChain 75(pcf_out) 48
                                Store 93 92
              96:          20   Load 75(pcf_out)
              97:22(hs_pcf_t)   FunctionCall 25(PCF(struct-hs_out_t-vf31[3];) 96
                                Store 95(@patchConstantResult) 97
             101:    100(ptr)   AccessChain 95(@patchConstantResult) 30 30
             102:    6(float)   Load 101
                                Store 99(tfactor[0]) 102
             104:    100(ptr)   AccessChain 95(@patchConstantResult) 30 44
             105:    6(float)   Load 104
                                Store 103(tfactor[1]) 105
             107:    100(ptr)   AccessChain 95(@patchConstantResult) 30 48
             108:    6(float)   Load 107
                                Store 106(tfactor[2]) 108
             110:    100(ptr)   AccessChain 95(@patchConstantResult) 44
             111:    6(float)   Load 110
                                Store 109(flInFactor) 111
                                Branch 73
              73:             Label
                              Return
                              FunctionEnd
18(@main(struct-hs_in_t-vf31[3];u1;):14(hs_out_t) Function None 15
           16(i):     12(ptr) FunctionParameter
        17(cpid):     13(ptr) FunctionParameter
              19:             Label
           28(o):     27(ptr) Variable Function
              31:      9(int) Load 17(cpid)
              32:    6(float) ConvertUToF 31
              33:    7(fvec3) CompositeConstruct 32 32 32
              35:     34(ptr) AccessChain 28(o) 30
                              Store 35 33
              36:14(hs_out_t) Load 28(o)
                              ReturnValue 36
                              FunctionEnd
25(PCF(struct-hs_out_t-vf31[3];):22(hs_pcf_t) Function None 23
     24(pcf_out):          20 FunctionParameter
              26:             Label
          112(o):     94(ptr) Variable Function
             113:    6(float) CompositeExtract 24(pcf_out) 0 0 0
             114:    100(ptr) AccessChain 112(o) 30 30
                              Store 114 113
             115:    6(float) CompositeExtract 24(pcf_out) 1 0 0
             116:    100(ptr) AccessChain 112(o) 30 44
                              Store 116 115
             117:    6(float) CompositeExtract 24(pcf_out) 2 0 0
             118:    100(ptr) AccessChain 112(o) 30 48
                              Store 118 117
             120:    100(ptr) AccessChain 112(o) 44
                              Store 120 119
             121:22(hs_pcf_t) Load 112(o)
                              ReturnValue 121
                              FunctionEnd
