hlsl.struct.split.nested.geom
Shader version: 500
invocations = -1
max_vertices = 3
input primitive = triangles
output primitive = triangle_strip
0:? Sequence
0:24  Function Definition: @main(struct-PS_IN-vf4-vf21[3];struct-GS_OUT-struct-PS_IN-vf4-vf21-struct-STRUCT_WITH_NO_BUILTIN_INTERSTAGE_IO-f1[2]-i111; ( temp void)
0:24    Function Parameters: 
0:24      'tin' ( in 3-element array of structure{ temp 4-component vector of float pos,  temp 2-component vector of float tc})
0:24      'ts' ( out structure{ temp structure{ temp 4-component vector of float pos,  temp 2-component vector of float tc} psIn,  temp structure{ temp 2-element array of float m0_array,  temp int m1} contains_no_builtin_io})
0:?     Sequence
0:27      move second child to first child ( temp 4-component vector of float)
0:27        pos: direct index for structure ( temp 4-component vector of float)
0:27          psIn: direct index for structure ( temp structure{ temp 4-component vector of float pos,  temp 2-component vector of float tc})
0:27            'o' ( temp structure{ temp structure{ temp 4-component vector of float pos,  temp 2-component vector of float tc} psIn,  temp structure{ temp 2-element array of float m0_array,  temp int m1} contains_no_builtin_io})
0:27            Constant:
0:27              0 (const int)
0:27          Constant:
0:27            0 (const int)
0:?         Constant:
0:?           1.000000
0:?           2.000000
0:?           3.000000
0:?           4.000000
0:28      move second child to first child ( temp 2-component vector of float)
0:28        tc: direct index for structure ( temp 2-component vector of float)
0:28          psIn: direct index for structure ( temp structure{ temp 4-component vector of float pos,  temp 2-component vector of float tc})
0:28            'o' ( temp structure{ temp structure{ temp 4-component vector of float pos,  temp 2-component vector of float tc} psIn,  temp structure{ temp 2-element array of float m0_array,  temp int m1} contains_no_builtin_io})
0:28            Constant:
0:28              0 (const int)
0:28          Constant:
0:28            1 (const int)
0:?         Constant:
0:?           5.000000
0:?           6.000000
0:30      Sequence
0:30        Sequence
0:30          move second child to first child ( temp 4-component vector of float)
0:?             'psIn.pos' ( out 4-component vector of float Position)
0:30            pos: direct index for structure ( temp 4-component vector of float)
0:30              psIn: direct index for structure ( temp structure{ temp 4-component vector of float pos,  temp 2-component vector of float tc})
0:30                'o' ( temp structure{ temp structure{ temp 4-component vector of float pos,  temp 2-component vector of float tc} psIn,  temp structure{ temp 2-element array of float m0_array,  temp int m1} contains_no_builtin_io})
0:30                Constant:
0:30                  0 (const int)
0:30              Constant:
0:30                0 (const int)
0:30          move second child to first child ( temp 2-component vector of float)
0:?             'psIn.tc' (layout( location=0) out 2-component vector of float)
0:30            tc: direct index for structure ( temp 2-component vector of float)
0:30              psIn: direct index for structure ( temp structure{ temp 4-component vector of float pos,  temp 2-component vector of float tc})
0:30                'o' ( temp structure{ temp structure{ temp 4-component vector of float pos,  temp 2-component vector of float tc} psIn,  temp structure{ temp 2-element array of float m0_array,  temp int m1} contains_no_builtin_io})
0:30                Constant:
0:30                  0 (const int)
0:30              Constant:
0:30                1 (const int)
0:30          move second child to first child ( temp float)
0:?             'contains_no_builtin_io.m0_array[0]' (layout( location=1) out float)
0:30            direct index ( temp float)
0:30              m0_array: direct index for structure ( temp 2-element array of float)
0:30                contains_no_builtin_io: direct index for structure ( temp structure{ temp 2-element array of float m0_array,  temp int m1})
0:30                  'o' ( temp structure{ temp structure{ temp 4-component vector of float pos,  temp 2-component vector of float tc} psIn,  temp structure{ temp 2-element array of float m0_array,  temp int m1} contains_no_builtin_io})
0:30                  Constant:
0:30                    1 (const int)
0:30                Constant:
0:30                  0 (const int)
0:30              Constant:
0:30                0 (const int)
0:30          move second child to first child ( temp float)
0:?             'contains_no_builtin_io.m0_array[1]' (layout( location=2) out float)
0:30            direct index ( temp float)
0:30              m0_array: direct index for structure ( temp 2-element array of float)
0:30                contains_no_builtin_io: direct index for structure ( temp structure{ temp 2-element array of float m0_array,  temp int m1})
0:30                  'o' ( temp structure{ temp structure{ temp 4-component vector of float pos,  temp 2-component vector of float tc} psIn,  temp structure{ temp 2-element array of float m0_array,  temp int m1} contains_no_builtin_io})
0:30                  Constant:
0:30                    1 (const int)
0:30                Constant:
0:30                  0 (const int)
0:30              Constant:
0:30                1 (const int)
0:30          move second child to first child ( temp int)
0:?             'contains_no_builtin_io.m1' (layout( location=3) out int)
0:30            m1: direct index for structure ( temp int)
0:30              contains_no_builtin_io: direct index for structure ( temp structure{ temp 2-element array of float m0_array,  temp int m1})
0:30                'o' ( temp structure{ temp structure{ temp 4-component vector of float pos,  temp 2-component vector of float tc} psIn,  temp structure{ temp 2-element array of float m0_array,  temp int m1} contains_no_builtin_io})
0:30                Constant:
0:30                  1 (const int)
0:30              Constant:
0:30                1 (const int)
0:30        EmitVertex ( temp void)
0:24  Function Definition: main( ( temp void)
0:24    Function Parameters: 
0:?     Sequence
0:24      Sequence
0:24        move second child to first child ( temp 4-component vector of float)
0:24          pos: direct index for structure ( temp 4-component vector of float)
0:24            direct index ( temp structure{ temp 4-component vector of float pos,  temp 2-component vector of float tc})
0:?               'tin' ( temp 3-element array of structure{ temp 4-component vector of float pos,  temp 2-component vector of float tc})
0:24              Constant:
0:24                0 (const int)
0:24            Constant:
0:24              0 (const int)
0:?           'tin[0].pos' ( in 4-component vector of float Position)
0:24        move second child to first child ( temp 2-component vector of float)
0:24          tc: direct index for structure ( temp 2-component vector of float)
0:24            direct index ( temp structure{ temp 4-component vector of float pos,  temp 2-component vector of float tc})
0:?               'tin' ( temp 3-element array of structure{ temp 4-component vector of float pos,  temp 2-component vector of float tc})
0:24              Constant:
0:24                0 (const int)
0:24            Constant:
0:24              1 (const int)
0:?           'tin[0].tc' (layout( location=0) in 2-component vector of float)
0:24        move second child to first child ( temp 4-component vector of float)
0:24          pos: direct index for structure ( temp 4-component vector of float)
0:24            direct index ( temp structure{ temp 4-component vector of float pos,  temp 2-component vector of float tc})
0:?               'tin' ( temp 3-element array of structure{ temp 4-component vector of float pos,  temp 2-component vector of float tc})
0:24              Constant:
0:24                1 (const int)
0:24            Constant:
0:24              0 (const int)
0:?           'tin[1].pos' ( in 4-component vector of float Position)
0:24        move second child to first child ( temp 2-component vector of float)
0:24          tc: direct index for structure ( temp 2-component vector of float)
0:24            direct index ( temp structure{ temp 4-component vector of float pos,  temp 2-component vector of float tc})
0:?               'tin' ( temp 3-element array of structure{ temp 4-component vector of float pos,  temp 2-component vector of float tc})
0:24              Constant:
0:24                1 (const int)
0:24            Constant:
0:24              1 (const int)
0:?           'tin[1].tc' (layout( location=1) in 2-component vector of float)
0:24        move second child to first child ( temp 4-component vector of float)
0:24          pos: direct index for structure ( temp 4-component vector of float)
0:24            direct index ( temp structure{ temp 4-component vector of float pos,  temp 2-component vector of float tc})
0:?               'tin' ( temp 3-element array of structure{ temp 4-component vector of float pos,  temp 2-component vector of float tc})
0:24              Constant:
0:24                2 (const int)
0:24            Constant:
0:24              0 (const int)
0:?           'tin[2].pos' ( in 4-component vector of float Position)
0:24        move second child to first child ( temp 2-component vector of float)
0:24          tc: direct index for structure ( temp 2-component vector of float)
0:24            direct index ( temp structure{ temp 4-component vector of float pos,  temp 2-component vector of float tc})
0:?               'tin' ( temp 3-element array of structure{ temp 4-component vector of float pos,  temp 2-component vector of float tc})
0:24              Constant:
0:24                2 (const int)
0:24            Constant:
0:24              1 (const int)
0:?           'tin[2].tc' (layout( location=2) in 2-component vector of float)
0:24      Function Call: @main(struct-PS_IN-vf4-vf21[3];struct-GS_OUT-struct-PS_IN-vf4-vf21-struct-STRUCT_WITH_NO_BUILTIN_INTERSTAGE_IO-f1[2]-i111; ( temp void)
0:?         'tin' ( temp 3-element array of structure{ temp 4-component vector of float pos,  temp 2-component vector of float tc})
0:?         'ts' ( temp structure{ temp structure{ temp 4-component vector of float pos,  temp 2-component vector of float tc} psIn,  temp structure{ temp 2-element array of float m0_array,  temp int m1} contains_no_builtin_io})
0:?   Linker Objects
0:?     'tin[0].pos' ( in 4-component vector of float Position)
0:?     'tin[0].tc' (layout( location=0) in 2-component vector of float)
0:?     'tin[1].pos' ( in 4-component vector of float Position)
0:?     'tin[1].tc' (layout( location=1) in 2-component vector of float)
0:?     'tin[2].pos' ( in 4-component vector of float Position)
0:?     'tin[2].tc' (layout( location=2) in 2-component vector of float)
0:?     'contains_no_builtin_io.m0_array[0]' (layout( location=1) out float)
0:?     'contains_no_builtin_io.m0_array[1]' (layout( location=2) out float)
0:?     'psIn.pos' ( out 4-component vector of float Position)
0:?     'psIn.tc' (layout( location=0) out 2-component vector of float)
0:?     'contains_no_builtin_io.m0_array[0]' (layout( location=1) out float)
0:?     'contains_no_builtin_io.m0_array[1]' (layout( location=2) out float)
0:?     'contains_no_builtin_io.m1' (layout( location=3) out int)


Linked geometry stage:


Shader version: 500
invocations = 1
max_vertices = 3
input primitive = triangles
output primitive = triangle_strip
0:? Sequence
0:24  Function Definition: @main(struct-PS_IN-vf4-vf21[3];struct-GS_OUT-struct-PS_IN-vf4-vf21-struct-STRUCT_WITH_NO_BUILTIN_INTERSTAGE_IO-f1[2]-i111; ( temp void)
0:24    Function Parameters: 
0:24      'tin' ( in 3-element array of structure{ temp 4-component vector of float pos,  temp 2-component vector of float tc})
0:24      'ts' ( out structure{ temp structure{ temp 4-component vector of float pos,  temp 2-component vector of float tc} psIn,  temp structure{ temp 2-element array of float m0_array,  temp int m1} contains_no_builtin_io})
0:?     Sequence
0:27      move second child to first child ( temp 4-component vector of float)
0:27        pos: direct index for structure ( temp 4-component vector of float)
0:27          psIn: direct index for structure ( temp structure{ temp 4-component vector of float pos,  temp 2-component vector of float tc})
0:27            'o' ( temp structure{ temp structure{ temp 4-component vector of float pos,  temp 2-component vector of float tc} psIn,  temp structure{ temp 2-element array of float m0_array,  temp int m1} contains_no_builtin_io})
0:27            Constant:
0:27              0 (const int)
0:27          Constant:
0:27            0 (const int)
0:?         Constant:
0:?           1.000000
0:?           2.000000
0:?           3.000000
0:?           4.000000
0:28      move second child to first child ( temp 2-component vector of float)
0:28        tc: direct index for structure ( temp 2-component vector of float)
0:28          psIn: direct index for structure ( temp structure{ temp 4-component vector of float pos,  temp 2-component vector of float tc})
0:28            'o' ( temp structure{ temp structure{ temp 4-component vector of float pos,  temp 2-component vector of float tc} psIn,  temp structure{ temp 2-element array of float m0_array,  temp int m1} contains_no_builtin_io})
0:28            Constant:
0:28              0 (const int)
0:28          Constant:
0:28            1 (const int)
0:?         Constant:
0:?           5.000000
0:?           6.000000
0:30      Sequence
0:30        Sequence
0:30          move second child to first child ( temp 4-component vector of float)
0:?             'psIn.pos' ( out 4-component vector of float Position)
0:30            pos: direct index for structure ( temp 4-component vector of float)
0:30              psIn: direct index for structure ( temp structure{ temp 4-component vector of float pos,  temp 2-component vector of float tc})
0:30                'o' ( temp structure{ temp structure{ temp 4-component vector of float pos,  temp 2-component vector of float tc} psIn,  temp structure{ temp 2-element array of float m0_array,  temp int m1} contains_no_builtin_io})
0:30                Constant:
0:30                  0 (const int)
0:30              Constant:
0:30                0 (const int)
0:30          move second child to first child ( temp 2-component vector of float)
0:?             'psIn.tc' (layout( location=0) out 2-component vector of float)
0:30            tc: direct index for structure ( temp 2-component vector of float)
0:30              psIn: direct index for structure ( temp structure{ temp 4-component vector of float pos,  temp 2-component vector of float tc})
0:30                'o' ( temp structure{ temp structure{ temp 4-component vector of float pos,  temp 2-component vector of float tc} psIn,  temp structure{ temp 2-element array of float m0_array,  temp int m1} contains_no_builtin_io})
0:30                Constant:
0:30                  0 (const int)
0:30              Constant:
0:30                1 (const int)
0:30          move second child to first child ( temp float)
0:?             'contains_no_builtin_io.m0_array[0]' (layout( location=1) out float)
0:30            direct index ( temp float)
0:30              m0_array: direct index for structure ( temp 2-element array of float)
0:30                contains_no_builtin_io: direct index for structure ( temp structure{ temp 2-element array of float m0_array,  temp int m1})
0:30                  'o' ( temp structure{ temp structure{ temp 4-component vector of float pos,  temp 2-component vector of float tc} psIn,  temp structure{ temp 2-element array of float m0_array,  temp int m1} contains_no_builtin_io})
0:30                  Constant:
0:30                    1 (const int)
0:30                Constant:
0:30                  0 (const int)
0:30              Constant:
0:30                0 (const int)
0:30          move second child to first child ( temp float)
0:?             'contains_no_builtin_io.m0_array[1]' (layout( location=2) out float)
0:30            direct index ( temp float)
0:30              m0_array: direct index for structure ( temp 2-element array of float)
0:30                contains_no_builtin_io: direct index for structure ( temp structure{ temp 2-element array of float m0_array,  temp int m1})
0:30                  'o' ( temp structure{ temp structure{ temp 4-component vector of float pos,  temp 2-component vector of float tc} psIn,  temp structure{ temp 2-element array of float m0_array,  temp int m1} contains_no_builtin_io})
0:30                  Constant:
0:30                    1 (const int)
0:30                Constant:
0:30                  0 (const int)
0:30              Constant:
0:30                1 (const int)
0:30          move second child to first child ( temp int)
0:?             'contains_no_builtin_io.m1' (layout( location=3) out int)
0:30            m1: direct index for structure ( temp int)
0:30              contains_no_builtin_io: direct index for structure ( temp structure{ temp 2-element array of float m0_array,  temp int m1})
0:30                'o' ( temp structure{ temp structure{ temp 4-component vector of float pos,  temp 2-component vector of float tc} psIn,  temp structure{ temp 2-element array of float m0_array,  temp int m1} contains_no_builtin_io})
0:30                Constant:
0:30                  1 (const int)
0:30              Constant:
0:30                1 (const int)
0:30        EmitVertex ( temp void)
0:24  Function Definition: main( ( temp void)
0:24    Function Parameters: 
0:?     Sequence
0:24      Sequence
0:24        move second child to first child ( temp 4-component vector of float)
0:24          pos: direct index for structure ( temp 4-component vector of float)
0:24            direct index ( temp structure{ temp 4-component vector of float pos,  temp 2-component vector of float tc})
0:?               'tin' ( temp 3-element array of structure{ temp 4-component vector of float pos,  temp 2-component vector of float tc})
0:24              Constant:
0:24                0 (const int)
0:24            Constant:
0:24              0 (const int)
0:?           'tin[0].pos' ( in 4-component vector of float Position)
0:24        move second child to first child ( temp 2-component vector of float)
0:24          tc: direct index for structure ( temp 2-component vector of float)
0:24            direct index ( temp structure{ temp 4-component vector of float pos,  temp 2-component vector of float tc})
0:?               'tin' ( temp 3-element array of structure{ temp 4-component vector of float pos,  temp 2-component vector of float tc})
0:24              Constant:
0:24                0 (const int)
0:24            Constant:
0:24              1 (const int)
0:?           'tin[0].tc' (layout( location=0) in 2-component vector of float)
0:24        move second child to first child ( temp 4-component vector of float)
0:24          pos: direct index for structure ( temp 4-component vector of float)
0:24            direct index ( temp structure{ temp 4-component vector of float pos,  temp 2-component vector of float tc})
0:?               'tin' ( temp 3-element array of structure{ temp 4-component vector of float pos,  temp 2-component vector of float tc})
0:24              Constant:
0:24                1 (const int)
0:24            Constant:
0:24              0 (const int)
0:?           'tin[1].pos' ( in 4-component vector of float Position)
0:24        move second child to first child ( temp 2-component vector of float)
0:24          tc: direct index for structure ( temp 2-component vector of float)
0:24            direct index ( temp structure{ temp 4-component vector of float pos,  temp 2-component vector of float tc})
0:?               'tin' ( temp 3-element array of structure{ temp 4-component vector of float pos,  temp 2-component vector of float tc})
0:24              Constant:
0:24                1 (const int)
0:24            Constant:
0:24              1 (const int)
0:?           'tin[1].tc' (layout( location=1) in 2-component vector of float)
0:24        move second child to first child ( temp 4-component vector of float)
0:24          pos: direct index for structure ( temp 4-component vector of float)
0:24            direct index ( temp structure{ temp 4-component vector of float pos,  temp 2-component vector of float tc})
0:?               'tin' ( temp 3-element array of structure{ temp 4-component vector of float pos,  temp 2-component vector of float tc})
0:24              Constant:
0:24                2 (const int)
0:24            Constant:
0:24              0 (const int)
0:?           'tin[2].pos' ( in 4-component vector of float Position)
0:24        move second child to first child ( temp 2-component vector of float)
0:24          tc: direct index for structure ( temp 2-component vector of float)
0:24            direct index ( temp structure{ temp 4-component vector of float pos,  temp 2-component vector of float tc})
0:?               'tin' ( temp 3-element array of structure{ temp 4-component vector of float pos,  temp 2-component vector of float tc})
0:24              Constant:
0:24                2 (const int)
0:24            Constant:
0:24              1 (const int)
0:?           'tin[2].tc' (layout( location=2) in 2-component vector of float)
0:24      Function Call: @main(struct-PS_IN-vf4-vf21[3];struct-GS_OUT-struct-PS_IN-vf4-vf21-struct-STRUCT_WITH_NO_BUILTIN_INTERSTAGE_IO-f1[2]-i111; ( temp void)
0:?         'tin' ( temp 3-element array of structure{ temp 4-component vector of float pos,  temp 2-component vector of float tc})
0:?         'ts' ( temp structure{ temp structure{ temp 4-component vector of float pos,  temp 2-component vector of float tc} psIn,  temp structure{ temp 2-element array of float m0_array,  temp int m1} contains_no_builtin_io})
0:?   Linker Objects
0:?     'tin[0].pos' ( in 4-component vector of float Position)
0:?     'tin[0].tc' (layout( location=0) in 2-component vector of float)
0:?     'tin[1].pos' ( in 4-component vector of float Position)
0:?     'tin[1].tc' (layout( location=1) in 2-component vector of float)
0:?     'tin[2].pos' ( in 4-component vector of float Position)
0:?     'tin[2].tc' (layout( location=2) in 2-component vector of float)
0:?     'contains_no_builtin_io.m0_array[0]' (layout( location=1) out float)
0:?     'contains_no_builtin_io.m0_array[1]' (layout( location=2) out float)
0:?     'psIn.pos' ( out 4-component vector of float Position)
0:?     'psIn.tc' (layout( location=0) out 2-component vector of float)
0:?     'contains_no_builtin_io.m0_array[0]' (layout( location=1) out float)
0:?     'contains_no_builtin_io.m0_array[1]' (layout( location=2) out float)
0:?     'contains_no_builtin_io.m1' (layout( location=3) out int)

// Module Version 10000
// Generated by (magic number): 80001
// Id's are bound by 89

                              Capability Geometry
               1:             ExtInstImport  "GLSL.std.450"
                              MemoryModel Logical GLSL450
                              EntryPoint Geometry 4  "main" 41 45 49 53 57 63 67 70 73 77 80
                              ExecutionMode 4 Triangles
                              ExecutionMode 4 Invocations 1
                              ExecutionMode 4 OutputTriangleStrip
                              ExecutionMode 4 OutputVertices 3
                              Source HLSL 500
                              Name 4  "main"
                              Name 9  "PS_IN"
                              MemberName 9(PS_IN) 0  "pos"
                              MemberName 9(PS_IN) 1  "tc"
                              Name 17  "STRUCT_WITH_NO_BUILTIN_INTERSTAGE_IO"
                              MemberName 17(STRUCT_WITH_NO_BUILTIN_INTERSTAGE_IO) 0  "m0_array"
                              MemberName 17(STRUCT_WITH_NO_BUILTIN_INTERSTAGE_IO) 1  "m1"
                              Name 18  "GS_OUT"
                              MemberName 18(GS_OUT) 0  "psIn"
                              MemberName 18(GS_OUT) 1  "contains_no_builtin_io"
                              Name 23  "@main(struct-PS_IN-vf4-vf21[3];struct-GS_OUT-struct-PS_IN-vf4-vf21-struct-STRUCT_WITH_NO_BUILTIN_INTERSTAGE_IO-f1[2]-i111;"
                              Name 21  "tin"
                              Name 22  "ts"
                              Name 25  "o"
                              Name 41  "psIn.pos"
                              Name 45  "psIn.tc"
                              Name 49  "contains_no_builtin_io.m0_array[0]"
                              Name 53  "contains_no_builtin_io.m0_array[1]"
                              Name 57  "contains_no_builtin_io.m1"
                              Name 61  "tin"
                              Name 63  "tin[0].pos"
                              Name 67  "tin[0].tc"
                              Name 70  "tin[1].pos"
                              Name 73  "tin[1].tc"
                              Name 77  "tin[2].pos"
                              Name 80  "tin[2].tc"
                              Name 83  "ts"
                              Name 84  "param"
                              Name 86  "param"
                              Decorate 41(psIn.pos) BuiltIn Position
                              Decorate 45(psIn.tc) Location 0
                              Decorate 49(contains_no_builtin_io.m0_array[0]) Location 1
                              Decorate 53(contains_no_builtin_io.m0_array[1]) Location 2
                              Decorate 57(contains_no_builtin_io.m1) Location 3
                              Decorate 63(tin[0].pos) BuiltIn Position
                              Decorate 67(tin[0].tc) Location 0
                              Decorate 70(tin[1].pos) BuiltIn Position
                              Decorate 73(tin[1].tc) Location 1
                              Decorate 77(tin[2].pos) BuiltIn Position
                              Decorate 80(tin[2].tc) Location 2
               2:             TypeVoid
               3:             TypeFunction 2
               6:             TypeFloat 32
               7:             TypeVector 6(float) 4
               8:             TypeVector 6(float) 2
        9(PS_IN):             TypeStruct 7(fvec4) 8(fvec2)
              10:             TypeInt 32 0
              11:     10(int) Constant 3
              12:             TypeArray 9(PS_IN) 11
              13:             TypePointer Function 12
              14:     10(int) Constant 2
              15:             TypeArray 6(float) 14
              16:             TypeInt 32 1
17(STRUCT_WITH_NO_BUILTIN_INTERSTAGE_IO):             TypeStruct 15 16(int)
      18(GS_OUT):             TypeStruct 9(PS_IN) 17(STRUCT_WITH_NO_BUILTIN_INTERSTAGE_IO)
              19:             TypePointer Function 18(GS_OUT)
              20:             TypeFunction 2 13(ptr) 19(ptr)
              26:     16(int) Constant 0
              27:    6(float) Constant 1065353216
              28:    6(float) Constant 1073741824
              29:    6(float) Constant 1077936128
              30:    6(float) Constant 1082130432
              31:    7(fvec4) ConstantComposite 27 28 29 30
              32:             TypePointer Function 7(fvec4)
              34:     16(int) Constant 1
              35:    6(float) Constant 1084227584
              36:    6(float) Constant 1086324736
              37:    8(fvec2) ConstantComposite 35 36
              38:             TypePointer Function 8(fvec2)
              40:             TypePointer Output 7(fvec4)
    41(psIn.pos):     40(ptr) Variable Output
              44:             TypePointer Output 8(fvec2)
     45(psIn.tc):     44(ptr) Variable Output
              48:             TypePointer Output 6(float)
49(contains_no_builtin_io.m0_array[0]):     48(ptr) Variable Output
              50:             TypePointer Function 6(float)
53(contains_no_builtin_io.m0_array[1]):     48(ptr) Variable Output
              56:             TypePointer Output 16(int)
57(contains_no_builtin_io.m1):     56(ptr) Variable Output
              58:             TypePointer Function 16(int)
              62:             TypePointer Input 7(fvec4)
  63(tin[0].pos):     62(ptr) Variable Input
              66:             TypePointer Input 8(fvec2)
   67(tin[0].tc):     66(ptr) Variable Input
  70(tin[1].pos):     62(ptr) Variable Input
   73(tin[1].tc):     66(ptr) Variable Input
              76:     16(int) Constant 2
  77(tin[2].pos):     62(ptr) Variable Input
   80(tin[2].tc):     66(ptr) Variable Input
         4(main):           2 Function None 3
               5:             Label
         61(tin):     13(ptr) Variable Function
          83(ts):     19(ptr) Variable Function
       84(param):     13(ptr) Variable Function
       86(param):     19(ptr) Variable Function
              64:    7(fvec4) Load 63(tin[0].pos)
              65:     32(ptr) AccessChain 61(tin) 26 26
                              Store 65 64
              68:    8(fvec2) Load 67(tin[0].tc)
              69:     38(ptr) AccessChain 61(tin) 26 34
                              Store 69 68
              71:    7(fvec4) Load 70(tin[1].pos)
              72:     32(ptr) AccessChain 61(tin) 34 26
                              Store 72 71
              74:    8(fvec2) Load 73(tin[1].tc)
              75:     38(ptr) AccessChain 61(tin) 34 34
                              Store 75 74
              78:    7(fvec4) Load 77(tin[2].pos)
              79:     32(ptr) AccessChain 61(tin) 76 26
                              Store 79 78
              81:    8(fvec2) Load 80(tin[2].tc)
              82:     38(ptr) AccessChain 61(tin) 76 34
                              Store 82 81
              85:          12 Load 61(tin)
                              Store 84(param) 85
              87:           2 FunctionCall 23(@main(struct-PS_IN-vf4-vf21[3];struct-GS_OUT-struct-PS_IN-vf4-vf21-struct-STRUCT_WITH_NO_BUILTIN_INTERSTAGE_IO-f1[2]-i111;) 84(param) 86(param)
              88:  18(GS_OUT) Load 86(param)
                              Store 83(ts) 88
                              Return
                              FunctionEnd
23(@main(struct-PS_IN-vf4-vf21[3];struct-GS_OUT-struct-PS_IN-vf4-vf21-struct-STRUCT_WITH_NO_BUILTIN_INTERSTAGE_IO-f1[2]-i111;):           2 Function None 20
         21(tin):     13(ptr) FunctionParameter
          22(ts):     19(ptr) FunctionParameter
              24:             Label
           25(o):     19(ptr) Variable Function
              33:     32(ptr) AccessChain 25(o) 26 26
                              Store 33 31
              39:     38(ptr) AccessChain 25(o) 26 34
                              Store 39 37
              42:     32(ptr) AccessChain 25(o) 26 26
              43:    7(fvec4) Load 42
                              Store 41(psIn.pos) 43
              46:     38(ptr) AccessChain 25(o) 26 34
              47:    8(fvec2) Load 46
                              Store 45(psIn.tc) 47
              51:     50(ptr) AccessChain 25(o) 34 26 26
              52:    6(float) Load 51
                              Store 49(contains_no_builtin_io.m0_array[0]) 52
              54:     50(ptr) AccessChain 25(o) 34 26 34
              55:    6(float) Load 54
                              Store 53(contains_no_builtin_io.m0_array[1]) 55
              59:     58(ptr) AccessChain 25(o) 34 34
              60:     16(int) Load 59
                              Store 57(contains_no_builtin_io.m1) 60
                              EmitVertex
                              Return
                              FunctionEnd
