hlsl.struct.split.assign.frag
Shader version: 500
gl_FragCoord origin is upper left
0:? Sequence
0:7  Function Definition: @main(i1;struct-S-f1-vf41[3]; ( temp 4-component vector of float)
0:7    Function Parameters: 
0:7      'i' ( in int)
0:7      'input' ( in 3-element array of structure{ temp float f,  temp 4-component vector of float pos})
0:?     Sequence
0:9      move second child to first child ( temp 3-element array of structure{ temp float f,  temp 4-component vector of float pos})
0:9        'input' ( in 3-element array of structure{ temp float f,  temp 4-component vector of float pos})
0:9        'a' ( temp 3-element array of structure{ temp float f,  temp 4-component vector of float pos})
0:11      Branch: Return with expression
0:11        Constant:
0:11          1.000000
0:11          1.000000
0:11          1.000000
0:7  Function Definition: main( ( temp void)
0:7    Function Parameters: 
0:?     Sequence
0:7      move second child to first child ( temp int)
0:?         'i' ( temp int)
0:?         'i' (layout( location=0) flat in int)
0:7      Sequence
0:7        move second child to first child ( temp float)
0:7          f: direct index for structure ( temp float)
0:7            direct index ( temp structure{ temp float f,  temp 4-component vector of float pos})
0:?               'input' ( temp 3-element array of structure{ temp float f,  temp 4-component vector of float pos})
0:7              Constant:
0:7                0 (const int)
0:7            Constant:
0:7              0 (const int)
0:?           'input[0].f' (layout( location=1) in float)
0:7        move second child to first child ( temp 4-component vector of float)
0:7          pos: direct index for structure ( temp 4-component vector of float)
0:7            direct index ( temp structure{ temp float f,  temp 4-component vector of float pos})
0:?               'input' ( temp 3-element array of structure{ temp float f,  temp 4-component vector of float pos})
0:7              Constant:
0:7                0 (const int)
0:7            Constant:
0:7              1 (const int)
0:?           'input[0].pos' ( in 4-component vector of float FragCoord)
0:7        move second child to first child ( temp float)
0:7          f: direct index for structure ( temp float)
0:7            direct index ( temp structure{ temp float f,  temp 4-component vector of float pos})
0:?               'input' ( temp 3-element array of structure{ temp float f,  temp 4-component vector of float pos})
0:7              Constant:
0:7                1 (const int)
0:7            Constant:
0:7              0 (const int)
0:?           'input[1].f' (layout( location=2) in float)
0:7        move second child to first child ( temp 4-component vector of float)
0:7          pos: direct index for structure ( temp 4-component vector of float)
0:7            direct index ( temp structure{ temp float f,  temp 4-component vector of float pos})
0:?               'input' ( temp 3-element array of structure{ temp float f,  temp 4-component vector of float pos})
0:7              Constant:
0:7                1 (const int)
0:7            Constant:
0:7              1 (const int)
0:?           'input[1].pos' ( in 4-component vector of float FragCoord)
0:7        move second child to first child ( temp float)
0:7          f: direct index for structure ( temp float)
0:7            direct index ( temp structure{ temp float f,  temp 4-component vector of float pos})
0:?               'input' ( temp 3-element array of structure{ temp float f,  temp 4-component vector of float pos})
0:7              Constant:
0:7                2 (const int)
0:7            Constant:
0:7              0 (const int)
0:?           'input[2].f' (layout( location=3) in float)
0:7        move second child to first child ( temp 4-component vector of float)
0:7          pos: direct index for structure ( temp 4-component vector of float)
0:7            direct index ( temp structure{ temp float f,  temp 4-component vector of float pos})
0:?               'input' ( temp 3-element array of structure{ temp float f,  temp 4-component vector of float pos})
0:7              Constant:
0:7                2 (const int)
0:7            Constant:
0:7              1 (const int)
0:?           'input[2].pos' ( in 4-component vector of float FragCoord)
0:7      move second child to first child ( temp 4-component vector of float)
0:?         '@entryPointOutput' (layout( location=0) out 4-component vector of float)
0:7        Function Call: @main(i1;struct-S-f1-vf41[3]; ( temp 4-component vector of float)
0:?           'i' ( temp int)
0:?           'input' ( temp 3-element array of structure{ temp float f,  temp 4-component vector of float pos})
0:?   Linker Objects
0:?     '@entryPointOutput' (layout( location=0) out 4-component vector of float)
0:?     'i' (layout( location=0) flat in int)
0:?     'input[0].f' (layout( location=1) in float)
0:?     'input[0].pos' ( in 4-component vector of float FragCoord)
0:?     'input[1].f' (layout( location=2) in float)
0:?     'input[1].pos' ( in 4-component vector of float FragCoord)
0:?     'input[2].f' (layout( location=3) in float)
0:?     'input[2].pos' ( in 4-component vector of float FragCoord)


Linked fragment stage:


Shader version: 500
gl_FragCoord origin is upper left
0:? Sequence
0:7  Function Definition: @main(i1;struct-S-f1-vf41[3]; ( temp 4-component vector of float)
0:7    Function Parameters: 
0:7      'i' ( in int)
0:7      'input' ( in 3-element array of structure{ temp float f,  temp 4-component vector of float pos})
0:?     Sequence
0:9      move second child to first child ( temp 3-element array of structure{ temp float f,  temp 4-component vector of float pos})
0:9        'input' ( in 3-element array of structure{ temp float f,  temp 4-component vector of float pos})
0:9        'a' ( temp 3-element array of structure{ temp float f,  temp 4-component vector of float pos})
0:11      Branch: Return with expression
0:11        Constant:
0:11          1.000000
0:11          1.000000
0:11          1.000000
0:7  Function Definition: main( ( temp void)
0:7    Function Parameters: 
0:?     Sequence
0:7      move second child to first child ( temp int)
0:?         'i' ( temp int)
0:?         'i' (layout( location=0) flat in int)
0:7      Sequence
0:7        move second child to first child ( temp float)
0:7          f: direct index for structure ( temp float)
0:7            direct index ( temp structure{ temp float f,  temp 4-component vector of float pos})
0:?               'input' ( temp 3-element array of structure{ temp float f,  temp 4-component vector of float pos})
0:7              Constant:
0:7                0 (const int)
0:7            Constant:
0:7              0 (const int)
0:?           'input[0].f' (layout( location=1) in float)
0:7        move second child to first child ( temp 4-component vector of float)
0:7          pos: direct index for structure ( temp 4-component vector of float)
0:7            direct index ( temp structure{ temp float f,  temp 4-component vector of float pos})
0:?               'input' ( temp 3-element array of structure{ temp float f,  temp 4-component vector of float pos})
0:7              Constant:
0:7                0 (const int)
0:7            Constant:
0:7              1 (const int)
0:?           'input[0].pos' ( in 4-component vector of float FragCoord)
0:7        move second child to first child ( temp float)
0:7          f: direct index for structure ( temp float)
0:7            direct index ( temp structure{ temp float f,  temp 4-component vector of float pos})
0:?               'input' ( temp 3-element array of structure{ temp float f,  temp 4-component vector of float pos})
0:7              Constant:
0:7                1 (const int)
0:7            Constant:
0:7              0 (const int)
0:?           'input[1].f' (layout( location=2) in float)
0:7        move second child to first child ( temp 4-component vector of float)
0:7          pos: direct index for structure ( temp 4-component vector of float)
0:7            direct index ( temp structure{ temp float f,  temp 4-component vector of float pos})
0:?               'input' ( temp 3-element array of structure{ temp float f,  temp 4-component vector of float pos})
0:7              Constant:
0:7                1 (const int)
0:7            Constant:
0:7              1 (const int)
0:?           'input[1].pos' ( in 4-component vector of float FragCoord)
0:7        move second child to first child ( temp float)
0:7          f: direct index for structure ( temp float)
0:7            direct index ( temp structure{ temp float f,  temp 4-component vector of float pos})
0:?               'input' ( temp 3-element array of structure{ temp float f,  temp 4-component vector of float pos})
0:7              Constant:
0:7                2 (const int)
0:7            Constant:
0:7              0 (const int)
0:?           'input[2].f' (layout( location=3) in float)
0:7        move second child to first child ( temp 4-component vector of float)
0:7          pos: direct index for structure ( temp 4-component vector of float)
0:7            direct index ( temp structure{ temp float f,  temp 4-component vector of float pos})
0:?               'input' ( temp 3-element array of structure{ temp float f,  temp 4-component vector of float pos})
0:7              Constant:
0:7                2 (const int)
0:7            Constant:
0:7              1 (const int)
0:?           'input[2].pos' ( in 4-component vector of float FragCoord)
0:7      move second child to first child ( temp 4-component vector of float)
0:?         '@entryPointOutput' (layout( location=0) out 4-component vector of float)
0:7        Function Call: @main(i1;struct-S-f1-vf41[3]; ( temp 4-component vector of float)
0:?           'i' ( temp int)
0:?           'input' ( temp 3-element array of structure{ temp float f,  temp 4-component vector of float pos})
0:?   Linker Objects
0:?     '@entryPointOutput' (layout( location=0) out 4-component vector of float)
0:?     'i' (layout( location=0) flat in int)
0:?     'input[0].f' (layout( location=1) in float)
0:?     'input[0].pos' ( in 4-component vector of float FragCoord)
0:?     'input[1].f' (layout( location=2) in float)
0:?     'input[1].pos' ( in 4-component vector of float FragCoord)
0:?     'input[2].f' (layout( location=3) in float)
0:?     'input[2].pos' ( in 4-component vector of float FragCoord)

// Module Version 10000
// Generated by (magic number): 80001
// Id's are bound by 66

                              Capability Shader
               1:             ExtInstImport  "GLSL.std.450"
                              MemoryModel Logical GLSL450
                              EntryPoint Fragment 4  "main" 32 37 43 46 49 53 56 60
                              ExecutionMode 4 OriginUpperLeft
                              Source HLSL 500
                              Name 4  "main"
                              Name 10  "S"
                              MemberName 10(S) 0  "f"
                              MemberName 10(S) 1  "pos"
                              Name 18  "@main(i1;struct-S-f1-vf41[3];"
                              Name 16  "i"
                              Name 17  "input"
                              Name 20  "a"
                              Name 30  "i"
                              Name 32  "i"
                              Name 34  "input"
                              Name 37  "input[0].f"
                              Name 43  "input[0].pos"
                              Name 46  "input[1].f"
                              Name 49  "input[1].pos"
                              Name 53  "input[2].f"
                              Name 56  "input[2].pos"
                              Name 60  "@entryPointOutput"
                              Name 61  "param"
                              Name 63  "param"
                              Decorate 32(i) Flat
                              Decorate 32(i) Location 0
                              Decorate 37(input[0].f) Location 1
                              Decorate 43(input[0].pos) BuiltIn FragCoord
                              Decorate 46(input[1].f) Location 2
                              Decorate 49(input[1].pos) BuiltIn FragCoord
                              Decorate 53(input[2].f) Location 3
                              Decorate 56(input[2].pos) BuiltIn FragCoord
                              Decorate 60(@entryPointOutput) Location 0
               2:             TypeVoid
               3:             TypeFunction 2
               6:             TypeInt 32 1
               7:             TypePointer Function 6(int)
               8:             TypeFloat 32
               9:             TypeVector 8(float) 4
           10(S):             TypeStruct 8(float) 9(fvec4)
              11:             TypeInt 32 0
              12:     11(int) Constant 3
              13:             TypeArray 10(S) 12
              14:             TypePointer Function 13
              15:             TypeFunction 9(fvec4) 7(ptr) 14(ptr)
              22:             TypeVector 8(float) 3
              23:    8(float) Constant 1065353216
              24:   22(fvec3) ConstantComposite 23 23 23
              25:             TypePointer Function 9(fvec4)
              31:             TypePointer Input 6(int)
           32(i):     31(ptr) Variable Input
              35:      6(int) Constant 0
              36:             TypePointer Input 8(float)
  37(input[0].f):     36(ptr) Variable Input
              39:             TypePointer Function 8(float)
              41:      6(int) Constant 1
              42:             TypePointer Input 9(fvec4)
43(input[0].pos):     42(ptr) Variable Input
  46(input[1].f):     36(ptr) Variable Input
49(input[1].pos):     42(ptr) Variable Input
              52:      6(int) Constant 2
  53(input[2].f):     36(ptr) Variable Input
56(input[2].pos):     42(ptr) Variable Input
              59:             TypePointer Output 9(fvec4)
60(@entryPointOutput):     59(ptr) Variable Output
         4(main):           2 Function None 3
               5:             Label
           30(i):      7(ptr) Variable Function
       34(input):     14(ptr) Variable Function
       61(param):      7(ptr) Variable Function
       63(param):     14(ptr) Variable Function
              33:      6(int) Load 32(i)
                              Store 30(i) 33
              38:    8(float) Load 37(input[0].f)
              40:     39(ptr) AccessChain 34(input) 35 35
                              Store 40 38
              44:    9(fvec4) Load 43(input[0].pos)
              45:     25(ptr) AccessChain 34(input) 35 41
                              Store 45 44
              47:    8(float) Load 46(input[1].f)
              48:     39(ptr) AccessChain 34(input) 41 35
                              Store 48 47
              50:    9(fvec4) Load 49(input[1].pos)
              51:     25(ptr) AccessChain 34(input) 41 41
                              Store 51 50
              54:    8(float) Load 53(input[2].f)
              55:     39(ptr) AccessChain 34(input) 52 35
                              Store 55 54
              57:    9(fvec4) Load 56(input[2].pos)
              58:     25(ptr) AccessChain 34(input) 52 41
                              Store 58 57
              62:      6(int) Load 30(i)
                              Store 61(param) 62
              64:          13 Load 34(input)
                              Store 63(param) 64
              65:    9(fvec4) FunctionCall 18(@main(i1;struct-S-f1-vf41[3];) 61(param) 63(param)
                              Store 60(@entryPointOutput) 65
                              Return
                              FunctionEnd
18(@main(i1;struct-S-f1-vf41[3];):    9(fvec4) Function None 15
           16(i):      7(ptr) FunctionParameter
       17(input):     14(ptr) FunctionParameter
              19:             Label
           20(a):     14(ptr) Variable Function
              26:     25(ptr) Variable Function
              21:          13 Load 20(a)
                              Store 17(input) 21
                              Store 26 24
              27:    9(fvec4) Load 26
                              ReturnValue 27
                              FunctionEnd
