hlsl.hull.void.tesc
Shader version: 500
vertices = 3
vertex spacing = fractional_even_spacing
triangle order = ccw
0:? Sequence
0:26  Function Definition: @main(struct-VS_OUT-vf31[3]; ( temp structure{ temp 3-component vector of float cpoint})
0:26    Function Parameters: 
0:26      'ip' ( in 3-element array of structure{ temp 3-component vector of float cpoint})
0:?     Sequence
0:28      move second child to first child ( temp 3-component vector of float)
0:28        cpoint: direct index for structure ( temp 3-component vector of float)
0:28          'output' ( temp structure{ temp 3-component vector of float cpoint})
0:28          Constant:
0:28            0 (const int)
0:28        cpoint: direct index for structure ( temp 3-component vector of float)
0:28          direct index ( temp structure{ temp 3-component vector of float cpoint})
0:28            'ip' ( in 3-element array of structure{ temp 3-component vector of float cpoint})
0:28            Constant:
0:28              0 (const int)
0:28          Constant:
0:28            0 (const int)
0:29      Branch: Return with expression
0:29        'output' ( temp structure{ temp 3-component vector of float cpoint})
0:26  Function Definition: main( ( temp void)
0:26    Function Parameters: 
0:?     Sequence
0:26      Sequence
0:26        move second child to first child ( temp 3-component vector of float)
0:26          cpoint: direct index for structure ( temp 3-component vector of float)
0:26            direct index ( temp structure{ temp 3-component vector of float cpoint})
0:?               'ip' ( temp 3-element array of structure{ temp 3-component vector of float cpoint})
0:26              Constant:
0:26                0 (const int)
0:26            Constant:
0:26              0 (const int)
0:?           'ip[0].cpoint' (layout( location=0) in 3-component vector of float)
0:26        move second child to first child ( temp 3-component vector of float)
0:26          cpoint: direct index for structure ( temp 3-component vector of float)
0:26            direct index ( temp structure{ temp 3-component vector of float cpoint})
0:?               'ip' ( temp 3-element array of structure{ temp 3-component vector of float cpoint})
0:26              Constant:
0:26                1 (const int)
0:26            Constant:
0:26              0 (const int)
0:?           'ip[1].cpoint' (layout( location=1) in 3-component vector of float)
0:26        move second child to first child ( temp 3-component vector of float)
0:26          cpoint: direct index for structure ( temp 3-component vector of float)
0:26            direct index ( temp structure{ temp 3-component vector of float cpoint})
0:?               'ip' ( temp 3-element array of structure{ temp 3-component vector of float cpoint})
0:26              Constant:
0:26                2 (const int)
0:26            Constant:
0:26              0 (const int)
0:?           'ip[2].cpoint' (layout( location=2) in 3-component vector of float)
0:26      move second child to first child ( temp structure{ temp 3-component vector of float cpoint})
0:26        indirect index ( temp structure{ temp 3-component vector of float cpoint})
0:?           '@entryPointOutput' ( out 3-element array of structure{ temp 3-component vector of float cpoint})
0:?           'InvocationId' ( in uint InvocationID)
0:26        Function Call: @main(struct-VS_OUT-vf31[3]; ( temp structure{ temp 3-component vector of float cpoint})
0:?           'ip' ( temp 3-element array of structure{ temp 3-component vector of float cpoint})
0:?       Barrier ( temp void)
0:?       Test condition and select ( temp void)
0:?         Condition
0:?         Compare Equal ( temp bool)
0:?           'InvocationId' ( in uint InvocationID)
0:?           Constant:
0:?             0 (const int)
0:?         true case
0:?         Sequence
0:?           Function Call: PCF( ( temp void)
0:33  Function Definition: PCF( ( temp void)
0:33    Function Parameters: 
0:?   Linker Objects
0:?     '@entryPointOutput[0].cpoint' (layout( location=0) out 3-component vector of float)
0:?     '@entryPointOutput[1].cpoint' (layout( location=1) out 3-component vector of float)
0:?     '@entryPointOutput[2].cpoint' (layout( location=2) out 3-component vector of float)
0:?     'ip[0].cpoint' (layout( location=0) in 3-component vector of float)
0:?     'ip[1].cpoint' (layout( location=1) in 3-component vector of float)
0:?     'ip[2].cpoint' (layout( location=2) in 3-component vector of float)
0:?     'InvocationId' ( in uint InvocationID)


Linked tessellation control stage:


Shader version: 500
vertices = 3
vertex spacing = fractional_even_spacing
triangle order = ccw
0:? Sequence
0:26  Function Definition: @main(struct-VS_OUT-vf31[3]; ( temp structure{ temp 3-component vector of float cpoint})
0:26    Function Parameters: 
0:26      'ip' ( in 3-element array of structure{ temp 3-component vector of float cpoint})
0:?     Sequence
0:28      move second child to first child ( temp 3-component vector of float)
0:28        cpoint: direct index for structure ( temp 3-component vector of float)
0:28          'output' ( temp structure{ temp 3-component vector of float cpoint})
0:28          Constant:
0:28            0 (const int)
0:28        cpoint: direct index for structure ( temp 3-component vector of float)
0:28          direct index ( temp structure{ temp 3-component vector of float cpoint})
0:28            'ip' ( in 3-element array of structure{ temp 3-component vector of float cpoint})
0:28            Constant:
0:28              0 (const int)
0:28          Constant:
0:28            0 (const int)
0:29      Branch: Return with expression
0:29        'output' ( temp structure{ temp 3-component vector of float cpoint})
0:26  Function Definition: main( ( temp void)
0:26    Function Parameters: 
0:?     Sequence
0:26      Sequence
0:26        move second child to first child ( temp 3-component vector of float)
0:26          cpoint: direct index for structure ( temp 3-component vector of float)
0:26            direct index ( temp structure{ temp 3-component vector of float cpoint})
0:?               'ip' ( temp 3-element array of structure{ temp 3-component vector of float cpoint})
0:26              Constant:
0:26                0 (const int)
0:26            Constant:
0:26              0 (const int)
0:?           'ip[0].cpoint' (layout( location=0) in 3-component vector of float)
0:26        move second child to first child ( temp 3-component vector of float)
0:26          cpoint: direct index for structure ( temp 3-component vector of float)
0:26            direct index ( temp structure{ temp 3-component vector of float cpoint})
0:?               'ip' ( temp 3-element array of structure{ temp 3-component vector of float cpoint})
0:26              Constant:
0:26                1 (const int)
0:26            Constant:
0:26              0 (const int)
0:?           'ip[1].cpoint' (layout( location=1) in 3-component vector of float)
0:26        move second child to first child ( temp 3-component vector of float)
0:26          cpoint: direct index for structure ( temp 3-component vector of float)
0:26            direct index ( temp structure{ temp 3-component vector of float cpoint})
0:?               'ip' ( temp 3-element array of structure{ temp 3-component vector of float cpoint})
0:26              Constant:
0:26                2 (const int)
0:26            Constant:
0:26              0 (const int)
0:?           'ip[2].cpoint' (layout( location=2) in 3-component vector of float)
0:26      move second child to first child ( temp structure{ temp 3-component vector of float cpoint})
0:26        indirect index ( temp structure{ temp 3-component vector of float cpoint})
0:?           '@entryPointOutput' ( out 3-element array of structure{ temp 3-component vector of float cpoint})
0:?           'InvocationId' ( in uint InvocationID)
0:26        Function Call: @main(struct-VS_OUT-vf31[3]; ( temp structure{ temp 3-component vector of float cpoint})
0:?           'ip' ( temp 3-element array of structure{ temp 3-component vector of float cpoint})
0:?       Barrier ( temp void)
0:?       Test condition and select ( temp void)
0:?         Condition
0:?         Compare Equal ( temp bool)
0:?           'InvocationId' ( in uint InvocationID)
0:?           Constant:
0:?             0 (const int)
0:?         true case
0:?         Sequence
0:?           Function Call: PCF( ( temp void)
0:33  Function Definition: PCF( ( temp void)
0:33    Function Parameters: 
0:?   Linker Objects
0:?     '@entryPointOutput[0].cpoint' (layout( location=0) out 3-component vector of float)
0:?     '@entryPointOutput[1].cpoint' (layout( location=1) out 3-component vector of float)
0:?     '@entryPointOutput[2].cpoint' (layout( location=2) out 3-component vector of float)
0:?     'ip[0].cpoint' (layout( location=0) in 3-component vector of float)
0:?     'ip[1].cpoint' (layout( location=1) in 3-component vector of float)
0:?     'ip[2].cpoint' (layout( location=2) in 3-component vector of float)
0:?     'InvocationId' ( in uint InvocationID)

// Module Version 10000
// Generated by (magic number): 80001
// Id's are bound by 68

                              Capability Tessellation
               1:             ExtInstImport  "GLSL.std.450"
                              MemoryModel Logical GLSL450
                              EntryPoint TessellationControl 4  "main" 33 37 41 46 48 65 66 67
                              ExecutionMode 4 OutputVertices 3
                              ExecutionMode 4 Triangles
                              ExecutionMode 4 SpacingFractionalEven
                              ExecutionMode 4 VertexOrderCcw
                              Source HLSL 500
                              Name 4  "main"
                              Name 8  "VS_OUT"
                              MemberName 8(VS_OUT) 0  "cpoint"
                              Name 13  "HS_OUT"
                              MemberName 13(HS_OUT) 0  "cpoint"
                              Name 16  "@main(struct-VS_OUT-vf31[3];"
                              Name 15  "ip"
                              Name 18  "PCF("
                              Name 21  "output"
                              Name 31  "ip"
                              Name 33  "ip[0].cpoint"
                              Name 37  "ip[1].cpoint"
                              Name 41  "ip[2].cpoint"
                              Name 46  "@entryPointOutput"
                              Name 48  "InvocationId"
                              Name 50  "param"
                              Name 65  "@entryPointOutput[0].cpoint"
                              Name 66  "@entryPointOutput[1].cpoint"
                              Name 67  "@entryPointOutput[2].cpoint"
                              Decorate 33(ip[0].cpoint) Location 0
                              Decorate 37(ip[1].cpoint) Location 1
                              Decorate 41(ip[2].cpoint) Location 2
                              Decorate 48(InvocationId) BuiltIn InvocationId
                              Decorate 65(@entryPointOutput[0].cpoint) Location 0
                              Decorate 66(@entryPointOutput[1].cpoint) Location 1
                              Decorate 67(@entryPointOutput[2].cpoint) Location 2
               2:             TypeVoid
               3:             TypeFunction 2
               6:             TypeFloat 32
               7:             TypeVector 6(float) 3
       8(VS_OUT):             TypeStruct 7(fvec3)
               9:             TypeInt 32 0
              10:      9(int) Constant 3
              11:             TypeArray 8(VS_OUT) 10
              12:             TypePointer Function 11
      13(HS_OUT):             TypeStruct 7(fvec3)
              14:             TypeFunction 13(HS_OUT) 12(ptr)
              20:             TypePointer Function 13(HS_OUT)
              22:             TypeInt 32 1
              23:     22(int) Constant 0
              24:             TypePointer Function 7(fvec3)
              32:             TypePointer Input 7(fvec3)
33(ip[0].cpoint):     32(ptr) Variable Input
              36:     22(int) Constant 1
37(ip[1].cpoint):     32(ptr) Variable Input
              40:     22(int) Constant 2
41(ip[2].cpoint):     32(ptr) Variable Input
              44:             TypeArray 13(HS_OUT) 10
              45:             TypePointer Output 44
46(@entryPointOutput):     45(ptr) Variable Output
              47:             TypePointer Input 9(int)
48(InvocationId):     47(ptr) Variable Input
              53:             TypePointer Output 13(HS_OUT)
              55:      9(int) Constant 2
              56:      9(int) Constant 1
              57:      9(int) Constant 0
              59:             TypeBool
              64:             TypePointer Output 7(fvec3)
65(@entryPointOutput[0].cpoint):     64(ptr) Variable Output
66(@entryPointOutput[1].cpoint):     64(ptr) Variable Output
67(@entryPointOutput[2].cpoint):     64(ptr) Variable Output
         4(main):           2 Function None 3
               5:             Label
          31(ip):     12(ptr) Variable Function
       50(param):     12(ptr) Variable Function
              34:    7(fvec3) Load 33(ip[0].cpoint)
              35:     24(ptr) AccessChain 31(ip) 23 23
                              Store 35 34
              38:    7(fvec3) Load 37(ip[1].cpoint)
              39:     24(ptr) AccessChain 31(ip) 36 23
                              Store 39 38
              42:    7(fvec3) Load 41(ip[2].cpoint)
              43:     24(ptr) AccessChain 31(ip) 40 23
                              Store 43 42
              49:      9(int) Load 48(InvocationId)
              51:          11 Load 31(ip)
                              Store 50(param) 51
              52:  13(HS_OUT) FunctionCall 16(@main(struct-VS_OUT-vf31[3];) 50(param)
              54:     53(ptr) AccessChain 46(@entryPointOutput) 49
                              Store 54 52
                              ControlBarrier 55 56 57
              58:      9(int) Load 48(InvocationId)
              60:    59(bool) IEqual 58 23
                              SelectionMerge 62 None
                              BranchConditional 60 61 62
              61:               Label
              63:           2   FunctionCall 18(PCF()
                                Branch 62
              62:             Label
                              Return
                              FunctionEnd
16(@main(struct-VS_OUT-vf31[3];):  13(HS_OUT) Function None 14
          15(ip):     12(ptr) FunctionParameter
              17:             Label
      21(output):     20(ptr) Variable Function
              25:     24(ptr) AccessChain 15(ip) 23 23
              26:    7(fvec3) Load 25
              27:     24(ptr) AccessChain 21(output) 23
                              Store 27 26
              28:  13(HS_OUT) Load 21(output)
                              ReturnValue 28
                              FunctionEnd
        18(PCF():           2 Function None 3
              19:             Label
                              Return
                              FunctionEnd
